Archive member included to satisfy reference by file (symbol)

C:/ST/STM32CubeIDE_1.19.0/STM32CubeIDE/plugins/com.st.stm32cube.ide.mcu.externaltools.gnu-tools-for-stm32.13.3.rel1.win32_1.0.0.202411081344/tools/bin/../lib/gcc/arm-none-eabi/13.3.1/../../../../arm-none-eabi/lib/thumb/v7e-m+fp/hard\libc_nano.a(libc_a-exit.o)
                              C:/ST/STM32CubeIDE_1.19.0/STM32CubeIDE/plugins/com.st.stm32cube.ide.mcu.externaltools.gnu-tools-for-stm32.13.3.rel1.win32_1.0.0.202411081344/tools/bin/../lib/gcc/arm-none-eabi/13.3.1/../../../../arm-none-eabi/lib/thumb/v7e-m+fp/hard/crt0.o (exit)
C:/ST/STM32CubeIDE_1.19.0/STM32CubeIDE/plugins/com.st.stm32cube.ide.mcu.externaltools.gnu-tools-for-stm32.13.3.rel1.win32_1.0.0.202411081344/tools/bin/../lib/gcc/arm-none-eabi/13.3.1/../../../../arm-none-eabi/lib/thumb/v7e-m+fp/hard\libc_nano.a(libc_a-findfp.o)
                              C:/ST/STM32CubeIDE_1.19.0/STM32CubeIDE/plugins/com.st.stm32cube.ide.mcu.externaltools.gnu-tools-for-stm32.13.3.rel1.win32_1.0.0.202411081344/tools/bin/../lib/gcc/arm-none-eabi/13.3.1/../../../../arm-none-eabi/lib/thumb/v7e-m+fp/hard\libc_nano.a(libc_a-exit.o) (__stdio_exit_handler)
C:/ST/STM32CubeIDE_1.19.0/STM32CubeIDE/plugins/com.st.stm32cube.ide.mcu.externaltools.gnu-tools-for-stm32.13.3.rel1.win32_1.0.0.202411081344/tools/bin/../lib/gcc/arm-none-eabi/13.3.1/../../../../arm-none-eabi/lib/thumb/v7e-m+fp/hard\libc_nano.a(libc_a-fwalk.o)
                              C:/ST/STM32CubeIDE_1.19.0/STM32CubeIDE/plugins/com.st.stm32cube.ide.mcu.externaltools.gnu-tools-for-stm32.13.3.rel1.win32_1.0.0.202411081344/tools/bin/../lib/gcc/arm-none-eabi/13.3.1/../../../../arm-none-eabi/lib/thumb/v7e-m+fp/hard\libc_nano.a(libc_a-findfp.o) (_fwalk_sglue)
C:/ST/STM32CubeIDE_1.19.0/STM32CubeIDE/plugins/com.st.stm32cube.ide.mcu.externaltools.gnu-tools-for-stm32.13.3.rel1.win32_1.0.0.202411081344/tools/bin/../lib/gcc/arm-none-eabi/13.3.1/../../../../arm-none-eabi/lib/thumb/v7e-m+fp/hard\libc_nano.a(libc_a-stdio.o)
                              C:/ST/STM32CubeIDE_1.19.0/STM32CubeIDE/plugins/com.st.stm32cube.ide.mcu.externaltools.gnu-tools-for-stm32.13.3.rel1.win32_1.0.0.202411081344/tools/bin/../lib/gcc/arm-none-eabi/13.3.1/../../../../arm-none-eabi/lib/thumb/v7e-m+fp/hard\libc_nano.a(libc_a-findfp.o) (__sread)
C:/ST/STM32CubeIDE_1.19.0/STM32CubeIDE/plugins/com.st.stm32cube.ide.mcu.externaltools.gnu-tools-for-stm32.13.3.rel1.win32_1.0.0.202411081344/tools/bin/../lib/gcc/arm-none-eabi/13.3.1/../../../../arm-none-eabi/lib/thumb/v7e-m+fp/hard\libc_nano.a(libc_a-memset.o)
                              C:/ST/STM32CubeIDE_1.19.0/STM32CubeIDE/plugins/com.st.stm32cube.ide.mcu.externaltools.gnu-tools-for-stm32.13.3.rel1.win32_1.0.0.202411081344/tools/bin/../lib/gcc/arm-none-eabi/13.3.1/../../../../arm-none-eabi/lib/thumb/v7e-m+fp/hard/crt0.o (memset)
C:/ST/STM32CubeIDE_1.19.0/STM32CubeIDE/plugins/com.st.stm32cube.ide.mcu.externaltools.gnu-tools-for-stm32.13.3.rel1.win32_1.0.0.202411081344/tools/bin/../lib/gcc/arm-none-eabi/13.3.1/../../../../arm-none-eabi/lib/thumb/v7e-m+fp/hard\libc_nano.a(libc_a-closer.o)
                              C:/ST/STM32CubeIDE_1.19.0/STM32CubeIDE/plugins/com.st.stm32cube.ide.mcu.externaltools.gnu-tools-for-stm32.13.3.rel1.win32_1.0.0.202411081344/tools/bin/../lib/gcc/arm-none-eabi/13.3.1/../../../../arm-none-eabi/lib/thumb/v7e-m+fp/hard\libc_nano.a(libc_a-stdio.o) (_close_r)
C:/ST/STM32CubeIDE_1.19.0/STM32CubeIDE/plugins/com.st.stm32cube.ide.mcu.externaltools.gnu-tools-for-stm32.13.3.rel1.win32_1.0.0.202411081344/tools/bin/../lib/gcc/arm-none-eabi/13.3.1/../../../../arm-none-eabi/lib/thumb/v7e-m+fp/hard\libc_nano.a(libc_a-reent.o)
                              C:/ST/STM32CubeIDE_1.19.0/STM32CubeIDE/plugins/com.st.stm32cube.ide.mcu.externaltools.gnu-tools-for-stm32.13.3.rel1.win32_1.0.0.202411081344/tools/bin/../lib/gcc/arm-none-eabi/13.3.1/../../../../arm-none-eabi/lib/thumb/v7e-m+fp/hard\libc_nano.a(libc_a-closer.o) (errno)
C:/ST/STM32CubeIDE_1.19.0/STM32CubeIDE/plugins/com.st.stm32cube.ide.mcu.externaltools.gnu-tools-for-stm32.13.3.rel1.win32_1.0.0.202411081344/tools/bin/../lib/gcc/arm-none-eabi/13.3.1/../../../../arm-none-eabi/lib/thumb/v7e-m+fp/hard\libc_nano.a(libc_a-impure.o)
                              C:/ST/STM32CubeIDE_1.19.0/STM32CubeIDE/plugins/com.st.stm32cube.ide.mcu.externaltools.gnu-tools-for-stm32.13.3.rel1.win32_1.0.0.202411081344/tools/bin/../lib/gcc/arm-none-eabi/13.3.1/../../../../arm-none-eabi/lib/thumb/v7e-m+fp/hard\libc_nano.a(libc_a-reent.o) (_impure_ptr)
C:/ST/STM32CubeIDE_1.19.0/STM32CubeIDE/plugins/com.st.stm32cube.ide.mcu.externaltools.gnu-tools-for-stm32.13.3.rel1.win32_1.0.0.202411081344/tools/bin/../lib/gcc/arm-none-eabi/13.3.1/../../../../arm-none-eabi/lib/thumb/v7e-m+fp/hard\libc_nano.a(libc_a-lseekr.o)
[...]
Memory Configuration

Name             Origin             Length             Attributes
CCMRAM           0x10000000         0x00010000         xrw
RAM              0x20000000         0x00020000         xrw
FLASH            0x08000000         0x00100000         xr
*default*        0x00000000         0xffffffff

Linker script and memory map

LOAD C:/ST/STM32CubeIDE_1.19.0/STM32CubeIDE/plugins/com.st.stm32cube.ide.mcu.externaltools.gnu-tools-for-stm32.13.3.rel1.win32_1.0.0.202411081344/tools/bin/../lib/gcc/arm-none-eabi/13.3.1/thumb/v7e-m+fp/hard/crti.o
LOAD C:/ST/STM32CubeIDE_1.19.0/STM32CubeIDE/plugins/com.st.stm32cube.ide.mcu.externaltools.gnu-tools-for-stm32.13.3.rel1.win32_1.0.0.202411081344/tools/bin/../lib/gcc/arm-none-eabi/13.3.1/thumb/v7e-m+fp/hard/crtbegin.o
LOAD C:/ST/STM32CubeIDE_1.19.0/STM32CubeIDE/plugins/com.st.stm32cube.ide.mcu.externaltools.gnu-tools-for-stm32.13.3.rel1.win32_1.0.0.202411081344/tools/bin/../lib/gcc/arm-none-eabi/13.3.1/../../../../arm-none-eabi/lib/thumb/v7e-m+fp/hard/crt0.o
LOAD ./App/src/APP_feature.o
LOAD ./App/src/app_main.o
LOAD ./Services/src/M4_SysTick.o
LOAD ./Services/src/STM32_ADC.o
LOAD ./Services/src/STM32_DBGMCU.o
LOAD ./Services/src/STM32_GPIO.o
LOAD ./Services/src/STM32_GPT.o
LOAD ./Services/src/STM32_IWDG.o
LOAD ./Services/src/STM32_NVIC.o
LOAD ./Services/src/STM32_RCC.o
LOAD ./Src/syscalls.o
LOAD ./Src/sysmem.o
LOAD ./Startup/startup_stm32f407vgtx.o
START GROUP
LOAD C:/ST/STM32CubeIDE_1.19.0/STM32CubeIDE/plugins/com.st.stm32cube.ide.mcu.externaltools.gnu-tools-for-stm32.13.3.rel1.win32_1.0.0.202411081344/tools/bin/../lib/gcc/arm-none-eabi/13.3.1/../../../../arm-none-eabi/lib/thumb/v7e-m+fp/hard\libc_nano.a
LOAD C:/ST/STM32CubeIDE_1.19.0/STM32CubeIDE/plugins/com.st.stm32cube.ide.mcu.externaltools.gnu-tools-for-stm32.13.3.rel1.win32_1.0.0.202411081344/tools/bin/../lib/gcc/arm-none-eabi/13.3.1/../../../../arm-none-eabi/lib/thumb/v7e-m+fp/hard\libm.a
END GROUP
START GROUP
LOAD C:/ST/STM32CubeIDE_1.19.0/STM32CubeIDE/plugins/com.st.stm32cube.ide.mcu.externaltools.gnu-tools-for-stm32.13.3.rel1.win32_1.0.0.202411081344/tools/bin/../lib/gcc/arm-none-eabi/13.3.1/thumb/v7e-m+fp/hard\libgcc.a
LOAD C:/ST/STM32CubeIDE_1.19.0/STM32CubeIDE/plugins/com.st.stm32cube.ide.mcu.externaltools.gnu-tools-for-stm32.13.3.rel1.win32_1.0.0.202411081344/tools/bin/../lib/gcc/arm-none-eabi/13.3.1/../../../../arm-none-eabi/lib/thumb/v7e-m+fp/hard\libc_nano.a
END GROUP
START GROUP
LOAD C:/ST/STM32CubeIDE_1.19.0/STM32CubeIDE/plugins/com.st.stm32cube.ide.mcu.externaltools.gnu-tools-for-stm32.13.3.rel1.win32_1.0.0.202411081344/tools/bin/../lib/gcc/arm-none-eabi/13.3.1/thumb/v7e-m+fp/hard\libgcc.a
LOAD C:/ST/STM32CubeIDE_1.19.0/STM32CubeIDE/plugins/com.st.stm32cube.ide.mcu.externaltools.gnu-tools-for-stm32.13.3.rel1.win32_1.0.0.202411081344/tools/bin/../lib/gcc/arm-none-eabi/13.3.1/../../../../arm-none-eabi/lib/thumb/v7e-m+fp/hard\libc_nano.a
LOAD C:/ST/STM32CubeIDE_1.19.0/STM32CubeIDE/plugins/com.st.stm32cube.ide.mcu.externaltools.gnu-tools-for-stm32.13.3.rel1.win32_1.0.0.202411081344/tools/bin/../lib/gcc/arm-none-eabi/13.3.1/../../../../arm-none-eabi/lib/thumb/v7e-m+fp/hard\libnosys.a
END GROUP
START GROUP
LOAD C:/ST/STM32CubeIDE_1.19.0/STM32CubeIDE/plugins/com.st.stm32cube.ide.mcu.externaltools.gnu-tools-for-stm32.13.3.rel1.win32_1.0.0.202411081344/tools/bin/../lib/gcc/arm-none-eabi/13.3.1/thumb/v7e-m+fp/hard\libgcc.a
LOAD C:/ST/STM32CubeIDE_1.19.0/STM32CubeIDE/plugins/com.st.stm32cube.ide.mcu.externaltools.gnu-tools-for-stm32.13.3.rel1.win32_1.0.0.202411081344/tools/bin/../lib/gcc/arm-none-eabi/13.3.1/../../../../arm-none-eabi/lib/thumb/v7e-m+fp/hard\libc_nano.a
LOAD C:/ST/STM32CubeIDE_1.19.0/STM32CubeIDE/plugins/com.st.stm32cube.ide.mcu.externaltools.gnu-tools-for-stm32.13.3.rel1.win32_1.0.0.202411081344/tools/bin/../lib/gcc/arm-none-eabi/13.3.1/../../../../arm-none-eabi/lib/thumb/v7e-m+fp/hard\libnosys.a
END GROUP
LOAD C:/ST/STM32CubeIDE_1.19.0/STM32CubeIDE/plugins/com.st.stm32cube.ide.mcu.externaltools.gnu-tools-for-stm32.13.3.rel1.win32_1.0.0.202411081344/tools/bin/../lib/gcc/arm-none-eabi/13.3.1/thumb/v7e-m+fp/hard/crtend.o
LOAD C:/ST/STM32CubeIDE_1.19.0/STM32CubeIDE/plugins/com.st.stm32cube.ide.mcu.externaltools.gnu-tools-for-stm32.13.3.rel1.win32_1.0.0.202411081344/tools/bin/../lib/gcc/arm-none-eabi/13.3.1/thumb/v7e-m+fp/hard/crtn.o
                0x20020000                        _estack = (ORIGIN (RAM) + LENGTH (RAM))
                0x00000200                        _Min_Heap_Size = 0x200
                0x00000400                        _Min_Stack_Size = 0x400

.isr_vector     0x08000000      0x188
                0x08000000                        . = ALIGN (0x4)
 *(.isr_vector)
 .isr_vector    0x08000000      0x188 ./Startup/startup_stm32f407vgtx.o
                0x08000000                g_pfnVectors
                0x08000188                        . = ALIGN (0x4)

.text           0x08000188     0x1484
                0x08000188                        . = ALIGN (0x4)
 *(.text)
 .text          0x08000188       0x40 C:/ST/STM32CubeIDE_1.19.0/STM32CubeIDE/plugins/com.st.stm32cube.ide.mcu.externaltools.gnu-tools-for-stm32.13.3.rel1.win32_1.0.0.202411081344/tools/bin/../lib/gcc/arm-none-eabi/13.3.1/thumb/v7e-m+fp/hard/crtbegin.o
 .text          0x080001c8      0x378 C:/ST/STM32CubeIDE_1.19.0/STM32CubeIDE/plugins/com.st.stm32cube.ide.mcu.externaltools.gnu-tools-for-stm32.13.3.rel1.win32_1.0.0.202411081344/tools/bin/../lib/gcc/arm-none-eabi/13.3.1/thumb/v7e-m+fp/hard\libgcc.a(_arm_addsubdf3.o)
                0x080001c8                __aeabi_drsub
                0x080001d0                __aeabi_dsub
                0x080001d0                __subdf3
                0x080001d4                __aeabi_dadd
                0x080001d4                __adddf3
                0x0800044c                __floatunsidf
                0x0800044c                __aeabi_ui2d
                0x0800046c                __floatsidf
                0x0800046c                __aeabi_i2d
                0x08000490                __aeabi_f2d
                0x08000490                __extendsfdf2
                0x080004d4                __floatundidf
                0x080004d4                __aeabi_ul2d
                0x080004e4                __floatdidf
                0x080004e4                __aeabi_l2d
 .text          0x08000540      0x424 C:/ST/STM32CubeIDE_1.19.0/STM32CubeIDE/plugins/com.st.stm32cube.ide.mcu.externaltools.gnu-tools-for-stm32.13.3.rel1.win32_1.0.0.202411081344/tools/bin/../lib/gcc/arm-none-eabi/13.3.1/thumb/v7e-m+fp/hard\libgcc.a(_arm_muldivdf3.o)
                0x08000540                __aeabi_dmul
                0x08000540                __muldf3
                0x08000794                __divdf3
                0x08000794                __aeabi_ddiv
 .text          0x08000964       0xa0 C:/ST/STM32CubeIDE_1.19.0/STM32CubeIDE/plugins/com.st.stm32cube.ide.mcu.externaltools.gnu-tools-for-stm32.13.3.rel1.win32_1.0.0.202411081344/tools/bin/../lib/gcc/arm-none-eabi/13.3.1/thumb/v7e-m+fp/hard\libgcc.a(_arm_truncdfsf2.o)
                0x08000964                __truncdfsf2
                0x08000964                __aeabi_d2f
 *(.text*)
 .text.fade_led_program
                0x08000a04       0x84 ./App/src/APP_feature.o
                0x08000a04                fade_led_program
 .text.watchdog_blocking_program
                0x08000a88       0x68 ./App/src/APP_feature.o
                0x08000a88                watchdog_blocking_program
 .text.service_init
                0x08000af0       0x48 ./App/src/app_main.o
                0x08000af0                service_init
 .text.app_init
                0x08000b38       0x14 ./App/src/app_main.o
                0x08000b38                app_init
 .text.main     0x08000b4c       0x78 ./App/src/app_main.o
                0x08000b4c                main
 .text.systick_init
                0x08000bc4       0x44 ./Services/src/M4_SysTick.o
                0x08000bc4                systick_init
 .text.blocking_delay_ms
                0x08000c08       0x30 ./Services/src/M4_SysTick.o
                0x08000c08                blocking_delay_ms
 .text.adc_init_module
                0x08000c38      0x250 ./Services/src/STM32_ADC.o
                0x08000c38                adc_init_module
 .text.adc_start_conversion
                0x08000e88       0x54 ./Services/src/STM32_ADC.o
                0x08000e88                adc_start_conversion
 .text.adc_get_value
                0x08000edc       0x30 ./Services/src/STM32_ADC.o
                0x08000edc                adc_get_value
 *fill*         0x08000f0c        0x4 
 .text.adc_convert_value
                0x08000f10       0xcc ./Services/src/STM32_ADC.o
                0x08000f10                adc_convert_value
 .text.adc_init_common
                0x08000fdc       0x44 ./Services/src/STM32_ADC.o
                0x08000fdc                adc_init_common
 .text.init_dbgmcu
                0x08001020       0x20 ./Services/src/STM32_DBGMCU.o
                0x08001020                init_dbgmcu
 .text.pin_init
                0x08001040      0x1e0 ./Services/src/STM32_GPIO.o
                0x08001040                pin_init
 .text.pin_operations
                0x08001220       0x70 ./Services/src/STM32_GPIO.o
                0x08001220                pin_operations
 .text.pin_state_check
                0x08001290       0x30 ./Services/src/STM32_GPIO.o
                0x08001290                pin_state_check
 .text.init_independent_watchdog
                0x080012c0       0x3c ./Services/src/STM32_IWDG.o
                0x080012c0                init_independent_watchdog
 .text.feed_watchdog
                0x080012fc       0x1c ./Services/src/STM32_IWDG.o
                0x080012fc                feed_watchdog
 .text.TIM2_IRQHandler
                0x08001318       0xa0 ./Services/src/STM32_NVIC.o
                0x08001318                TIM2_IRQHandler
 .text.TIM4_IRQHandler
                0x080013b8       0x28 ./Services/src/STM32_NVIC.o
                0x080013b8                TIM4_IRQHandler
 .text.SysTick_Handler
                0x080013e0       0x48 ./Services/src/STM32_NVIC.o
                0x080013e0                SysTick_Handler
 .text.LSI_clock_enable
                0x08001428       0x30 ./Services/src/STM32_RCC.o
                0x08001428                LSI_clock_enable
 .text.adc_clock_enable
                0x08001458       0x64 ./Services/src/STM32_RCC.o
                0x08001458                adc_clock_enable
 .text.reset_reason_check
                0x080014bc       0x9c ./Services/src/STM32_RCC.o
                0x080014bc                reset_reason_check
 .text.Reset_Handler
                0x08001558       0x50 ./Startup/startup_stm32f407vgtx.o
                0x08001558                Reset_Handler
 .text.Default_Handler
                0x080015a8        0x2 ./Startup/startup_stm32f407vgtx.o
                0x080015a8                RTC_Alarm_IRQHandler
                0x080015a8                HASH_RNG_IRQHandler
                0x080015a8                EXTI2_IRQHandler
                0x080015a8                TIM8_CC_IRQHandler
                0x080015a8                DebugMon_Handler
                0x080015a8                TIM1_CC_IRQHandler
                0x080015a8                DMA2_Stream5_IRQHandler
                0x080015a8                HardFault_Handler
                0x080015a8                DMA1_Stream5_IRQHandler
                0x080015a8                PVD_IRQHandler
                0x080015a8                SDIO_IRQHandler
                0x080015a8                TAMP_STAMP_IRQHandler
                0x080015a8                PendSV_Handler
                0x080015a8                NMI_Handler
                0x080015a8                CAN2_RX1_IRQHandler
                0x080015a8                EXTI3_IRQHandler
                0x080015a8                TIM8_TRG_COM_TIM14_IRQHandler
                0x080015a8                TIM1_UP_TIM10_IRQHandler
                0x080015a8                TIM8_UP_TIM13_IRQHandler
                0x080015a8                I2C3_ER_IRQHandler
                0x080015a8                EXTI0_IRQHandler
                0x080015a8                I2C2_EV_IRQHandler
                0x080015a8                DMA1_Stream2_IRQHandler
                0x080015a8                CAN1_RX0_IRQHandler
                0x080015a8                FPU_IRQHandler
                0x080015a8                OTG_HS_WKUP_IRQHandler
                0x080015a8                UsageFault_Handler
                0x080015a8                CAN2_SCE_IRQHandler
                0x080015a8                DMA2_Stream2_IRQHandler
                0x080015a8                SPI1_IRQHandler
                0x080015a8                TIM6_DAC_IRQHandler
                0x080015a8                TIM1_BRK_TIM9_IRQHandler
                0x080015a8                DCMI_IRQHandler
                0x080015a8                CAN2_RX0_IRQHandler
                0x080015a8                DMA2_Stream3_IRQHandler
                0x080015a8                USART6_IRQHandler
                0x080015a8                USART3_IRQHandler
                0x080015a8                CRYP_IRQHandler
                0x080015a8                CAN1_RX1_IRQHandler
                0x080015a8                UART5_IRQHandler
                0x080015a8                DMA2_Stream0_IRQHandler
                0x080015a8                I2C1_EV_IRQHandler
                0x080015a8                DMA1_Stream6_IRQHandler
                0x080015a8                DMA1_Stream1_IRQHandler
                0x080015a8                UART4_IRQHandler
                0x080015a8                TIM3_IRQHandler
                0x080015a8                RCC_IRQHandler
                0x080015a8                TIM8_BRK_TIM12_IRQHandler
                0x080015a8                Default_Handler
                0x080015a8                EXTI15_10_IRQHandler
                0x080015a8                ADC_IRQHandler
                0x080015a8                DMA1_Stream7_IRQHandler
                0x080015a8                TIM7_IRQHandler
                0x080015a8                CAN2_TX_IRQHandler
                0x080015a8                TIM5_IRQHandler
                0x080015a8                DMA2_Stream7_IRQHandler
                0x080015a8                I2C3_EV_IRQHandler
                0x080015a8                EXTI9_5_IRQHandler
                0x080015a8                RTC_WKUP_IRQHandler
                0x080015a8                ETH_WKUP_IRQHandler
                0x080015a8                SPI2_IRQHandler
                0x080015a8                OTG_HS_EP1_IN_IRQHandler
                0x080015a8                MemManage_Handler
                0x080015a8                DMA1_Stream0_IRQHandler
                0x080015a8                CAN1_TX_IRQHandler
                0x080015a8                SVC_Handler
                0x080015a8                EXTI4_IRQHandler
                0x080015a8                FSMC_IRQHandler
                0x080015a8                ETH_IRQHandler
                0x080015a8                OTG_HS_EP1_OUT_IRQHandler
                0x080015a8                WWDG_IRQHandler
                0x080015a8                OTG_FS_WKUP_IRQHandler
                0x080015a8                TIM1_TRG_COM_TIM11_IRQHandler
                0x080015a8                OTG_HS_IRQHandler
                0x080015a8                EXTI1_IRQHandler
                0x080015a8                USART2_IRQHandler
                0x080015a8                I2C2_ER_IRQHandler
                0x080015a8                DMA2_Stream1_IRQHandler
                0x080015a8                CAN1_SCE_IRQHandler
                0x080015a8                DMA2_Stream4_IRQHandler
                0x080015a8                BusFault_Handler
                0x080015a8                USART1_IRQHandler
                0x080015a8                OTG_FS_IRQHandler
                0x080015a8                SPI3_IRQHandler
                0x080015a8                DMA1_Stream4_IRQHandler
                0x080015a8                I2C1_ER_IRQHandler
                0x080015a8                DMA2_Stream6_IRQHandler
                0x080015a8                DMA1_Stream3_IRQHandler
 *fill*         0x080015aa        0x2 
 .text.__libc_init_array
                0x080015ac       0x48 C:/ST/STM32CubeIDE_1.19.0/STM32CubeIDE/plugins/com.st.stm32cube.ide.mcu.externaltools.gnu-tools-for-stm32.13.3.rel1.win32_1.0.0.202411081344/tools/bin/../lib/gcc/arm-none-eabi/13.3.1/../../../../arm-none-eabi/lib/thumb/v7e-m+fp/hard\libc_nano.a(libc_a-init.o)
                0x080015ac                __libc_init_array
 *(.glue_7)
 .glue_7        0x080015f4        0x0 linker stubs
 *(.glue_7t)
 .glue_7t       0x080015f4        0x0 linker stubs
 *(.eh_frame)
 .eh_frame      0x080015f4        0x0 C:/ST/STM32CubeIDE_1.19.0/STM32CubeIDE/plugins/com.st.stm32cube.ide.mcu.externaltools.gnu-tools-for-stm32.13.3.rel1.win32_1.0.0.202411081344/tools/bin/../lib/gcc/arm-none-eabi/13.3.1/thumb/v7e-m+fp/hard/crtbegin.o
 *(.init)
 .init          0x080015f4        0x4 C:/ST/STM32CubeIDE_1.19.0/STM32CubeIDE/plugins/com.st.stm32cube.ide.mcu.externaltools.gnu-tools-for-stm32.13.3.rel1.win32_1.0.0.202411081344/tools/bin/../lib/gcc/arm-none-eabi/13.3.1/thumb/v7e-m+fp/hard/crti.o
                0x080015f4                _init
 .init          0x080015f8        0x8 C:/ST/STM32CubeIDE_1.19.0/STM32CubeIDE/plugins/com.st.stm32cube.ide.mcu.externaltools.gnu-tools-for-stm32.13.3.rel1.win32_1.0.0.202411081344/tools/bin/../lib/gcc/arm-none-eabi/13.3.1/thumb/v7e-m+fp/hard/crtn.o
 *(.fini)
 .fini          0x08001600        0x4 C:/ST/STM32CubeIDE_1.19.0/STM32CubeIDE/plugins/com.st.stm32cube.ide.mcu.externaltools.gnu-tools-for-stm32.13.3.rel1.win32_1.0.0.202411081344/tools/bin/../lib/gcc/arm-none-eabi/13.3.1/thumb/v7e-m+fp/hard/crti.o
                0x08001600                _fini
 .fini          0x08001604        0x8 C:/ST/STM32CubeIDE_1.19.0/STM32CubeIDE/plugins/com.st.stm32cube.ide.mcu.externaltools.gnu-tools-for-stm32.13.3.rel1.win32_1.0.0.202411081344/tools/bin/../lib/gcc/arm-none-eabi/13.3.1/thumb/v7e-m+fp/hard/crtn.o
                0x0800160c                        . = ALIGN (0x4)
                0x0800160c                        _etext = .

.vfp11_veneer   0x0800160c        0x0
 .vfp11_veneer  0x0800160c        0x0 linker stubs

.v4_bx          0x0800160c        0x0
 .v4_bx         0x0800160c        0x0 linker stubs

.iplt           0x0800160c        0x0
 .iplt          0x0800160c        0x0 C:/ST/STM32CubeIDE_1.19.0/STM32CubeIDE/plugins/com.st.stm32cube.ide.mcu.externaltools.gnu-tools-for-stm32.13.3.rel1.win32_1.0.0.202411081344/tools/bin/../lib/gcc/arm-none-eabi/13.3.1/thumb/v7e-m+fp/hard/crtbegin.o

.rodata         0x0800160c        0x0
                0x0800160c                        . = ALIGN (0x4)
 *(.rodata)
 *(.rodata*)
                0x0800160c                        . = ALIGN (0x4)

.ARM.extab      0x0800160c        0x0
                0x0800160c                        . = ALIGN (0x4)
 *(.ARM.extab* .gnu.linkonce.armextab.*)
                0x0800160c                        . = ALIGN (0x4)

.ARM            0x0800160c        0x0
                0x0800160c                        . = ALIGN (0x4)
                0x0800160c                        __exidx_start = .
 *(.ARM.exidx*)
                0x0800160c                        __exidx_end = .
                0x0800160c                        . = ALIGN (0x4)

.preinit_array  0x0800160c        0x0
                0x0800160c                        . = ALIGN (0x4)
                0x0800160c                        PROVIDE (__preinit_array_start = .)
 *(.preinit_array*)
                0x0800160c                        PROVIDE (__preinit_array_end = .)
                0x0800160c                        . = ALIGN (0x4)

.init_array     0x0800160c        0x4
                0x0800160c                        . = ALIGN (0x4)
                0x0800160c                        PROVIDE (__init_array_start = .)
 *(SORT_BY_NAME(.init_array.*))
 *(.init_array*)
 .init_array    0x0800160c        0x4 C:/ST/STM32CubeIDE_1.19.0/STM32CubeIDE/plugins/com.st.stm32cube.ide.mcu.externaltools.gnu-tools-for-stm32.13.3.rel1.win32_1.0.0.202411081344/tools/bin/../lib/gcc/arm-none-eabi/13.3.1/thumb/v7e-m+fp/hard/crtbegin.o
                0x08001610                        PROVIDE (__init_array_end = .)
                0x08001610                        . = ALIGN (0x4)

.fini_array     0x08001610        0x4
                0x08001610                        . = ALIGN (0x4)
                [!provide]                        PROVIDE (__fini_array_start = .)
 *(SORT_BY_NAME(.fini_array.*))
 *(.fini_array*)
 .fini_array    0x08001610        0x4 C:/ST/STM32CubeIDE_1.19.0/STM32CubeIDE/plugins/com.st.stm32cube.ide.mcu.externaltools.gnu-tools-for-stm32.13.3.rel1.win32_1.0.0.202411081344/tools/bin/../lib/gcc/arm-none-eabi/13.3.1/thumb/v7e-m+fp/hard/crtbegin.o
                [!provide]                        PROVIDE (__fini_array_end = .)
                0x08001614                        . = ALIGN (0x4)
                0x08001614                        _sidata = LOADADDR (.data)

.rel.dyn        0x08001614        0x0
 .rel.iplt      0x08001614        0x0 C:/ST/STM32CubeIDE_1.19.0/STM32CubeIDE/plugins/com.st.stm32cube.ide.mcu.externaltools.gnu-tools-for-stm32.13.3.rel1.win32_1.0.0.202411081344/tools/bin/../lib/gcc/arm-none-eabi/13.3.1/thumb/v7e-m+fp/hard/crtbegin.o

.data           0x20000000        0x4 load address 0x08001614
                0x20000000                        . = ALIGN (0x4)
                0x20000000                        _sdata = .
 *(.data)
 *(.data*)
 .data.upcounter
                0x20000000        0x1 ./App/src/APP_feature.o
                0x20000000                upcounter
 *(.RamFunc)
 *(.RamFunc*)
                0x20000004                        . = ALIGN (0x4)
 *fill*         0x20000001        0x3 
                0x20000004                        _edata = .
                0x08001618                        _siccmram = LOADADDR (.ccmram)

.igot.plt       0x20000004        0x0 load address 0x08001618
 .igot.plt      0x20000004        0x0 C:/ST/STM32CubeIDE_1.19.0/STM32CubeIDE/plugins/com.st.stm32cube.ide.mcu.externaltools.gnu-tools-for-stm32.13.3.rel1.win32_1.0.0.202411081344/tools/bin/../lib/gcc/arm-none-eabi/13.3.1/thumb/v7e-m+fp/hard/crtbegin.o

.ccmram         0x10000000        0x0 load address 0x08001618
                0x10000000                        . = ALIGN (0x4)
                0x10000000                        _sccmram = .
 *(.ccmram)
 *(.ccmram*)
                0x10000000                        . = ALIGN (0x4)
                0x10000000                        _eccmram = .
                0x10000000                        . = ALIGN (0x4)

.bss            0x20000004       0x44
                0x20000004                        _sbss = .
                0x20000004                        __bss_start__ = _sbss
 *(.bss)
 .bss           0x20000004       0x1c C:/ST/STM32CubeIDE_1.19.0/STM32CubeIDE/plugins/com.st.stm32cube.ide.mcu.externaltools.gnu-tools-for-stm32.13.3.rel1.win32_1.0.0.202411081344/tools/bin/../lib/gcc/arm-none-eabi/13.3.1/thumb/v7e-m+fp/hard/crtbegin.o
 *(.bss*)
 .bss.adc_value
                0x20000020        0x2 ./App/src/app_main.o
                0x20000020                adc_value
 *fill*         0x20000022        0x2 
 .bss.converted_value
                0x20000024        0x4 ./App/src/app_main.o
                0x20000024                converted_value
 .bss.reset_reason
                0x20000028        0x1 ./App/src/app_main.o
                0x20000028                reset_reason
 *fill*         0x20000029        0x3 
 .bss.start_time_ms
                0x2000002c        0x4 ./App/src/app_main.o
                0x2000002c                start_time_ms
 .bss.end_time_ms
                0x20000030        0x4 ./App/src/app_main.o
                0x20000030                end_time_ms
 .bss.loop_time_ms
                0x20000034        0x4 ./App/src/app_main.o
                0x20000034                loop_time_ms
 .bss.four_s_delay
                0x20000038        0x1 ./Services/src/STM32_NVIC.o
                0x20000038                four_s_delay
 .bss.eight_s_delay
                0x20000039        0x1 ./Services/src/STM32_NVIC.o
                0x20000039                eight_s_delay
 .bss.twelve_s_delay
                0x2000003a        0x1 ./Services/src/STM32_NVIC.o
                0x2000003a                twelve_s_delay
 *fill*         0x2000003b        0x1 
 .bss.system_timer_1ms
                0x2000003c        0x4 ./Services/src/STM32_NVIC.o
                0x2000003c                system_timer_1ms
 .bss.counter_for_system_timer
                0x20000040        0x4 ./Services/src/STM32_NVIC.o
                0x20000040                counter_for_system_timer
 .bss.system_timer_1s
                0x20000044        0x4 ./Services/src/STM32_NVIC.o
                0x20000044                system_timer_1s
 *(COMMON)
                0x20000048                        . = ALIGN (0x4)
                0x20000048                        _ebss = .
                0x20000048                        __bss_end__ = _ebss

._user_heap_stack
                0x20000048      0x600
                0x20000048                        . = ALIGN (0x8)
                [!provide]                        PROVIDE (end = .)
                0x20000048                        PROVIDE (_end = .)
                0x20000248                        . = (. + _Min_Heap_Size)
 *fill*         0x20000048      0x200 
                0x20000648                        . = (. + _Min_Stack_Size)
 *fill*         0x20000248      0x400 
                0x20000648                        . = ALIGN (0x8)

/DISCARD/
 libc.a(*)
 libm.a(*)
 libgcc.a(*)

.ARM.attributes
                0x00000000       0x30
 *(.ARM.attributes)
 .ARM.attributes
                0x00000000       0x22 C:/ST/STM32CubeIDE_1.19.0/STM32CubeIDE/plugins/com.st.stm32cube.ide.mcu.externaltools.gnu-tools-for-stm32.13.3.rel1.win32_1.0.0.202411081344/tools/bin/../lib/gcc/arm-none-eabi/13.3.1/thumb/v7e-m+fp/hard/crti.o
 .ARM.attributes
                0x00000022       0x34 C:/ST/STM32CubeIDE_1.19.0/STM32CubeIDE/plugins/com.st.stm32cube.ide.mcu.externaltools.gnu-tools-for-stm32.13.3.rel1.win32_1.0.0.202411081344/tools/bin/../lib/gcc/arm-none-eabi/13.3.1/thumb/v7e-m+fp/hard/crtbegin.o
 .ARM.attributes
                0x00000056       0x34 ./App/src/APP_feature.o
 .ARM.attributes
                0x0000008a       0x34 ./App/src/app_main.o
 .ARM.attributes
                0x000000be       0x34 ./Services/src/M4_SysTick.o
 .ARM.attributes
                0x000000f2       0x34 ./Services/src/STM32_ADC.o
 .ARM.attributes
                0x00000126       0x34 ./Services/src/STM32_DBGMCU.o
 .ARM.attributes
                0x0000015a       0x34 ./Services/src/STM32_GPIO.o
 .ARM.attributes
                0x0000018e       0x34 ./Services/src/STM32_IWDG.o
 .ARM.attributes
                0x000001c2       0x34 ./Services/src/STM32_NVIC.o
 .ARM.attributes
                0x000001f6       0x34 ./Services/src/STM32_RCC.o
 .ARM.attributes
                0x0000022a       0x21 ./Startup/startup_stm32f407vgtx.o
 .ARM.attributes
                0x0000024b       0x34 C:/ST/STM32CubeIDE_1.19.0/STM32CubeIDE/plugins/com.st.stm32cube.ide.mcu.externaltools.gnu-tools-for-stm32.13.3.rel1.win32_1.0.0.202411081344/tools/bin/../lib/gcc/arm-none-eabi/13.3.1/../../../../arm-none-eabi/lib/thumb/v7e-m+fp/hard\libc_nano.a(libc_a-init.o)
 .ARM.attributes
                0x0000027f       0x22 C:/ST/STM32CubeIDE_1.19.0/STM32CubeIDE/plugins/com.st.stm32cube.ide.mcu.externaltools.gnu-tools-for-stm32.13.3.rel1.win32_1.0.0.202411081344/tools/bin/../lib/gcc/arm-none-eabi/13.3.1/thumb/v7e-m+fp/hard\libgcc.a(_arm_addsubdf3.o)
 .ARM.attributes
                0x000002a1       0x22 C:/ST/STM32CubeIDE_1.19.0/STM32CubeIDE/plugins/com.st.stm32cube.ide.mcu.externaltools.gnu-tools-for-stm32.13.3.rel1.win32_1.0.0.202411081344/tools/bin/../lib/gcc/arm-none-eabi/13.3.1/thumb/v7e-m+fp/hard\libgcc.a(_arm_muldivdf3.o)
 .ARM.attributes
                0x000002c3       0x22 C:/ST/STM32CubeIDE_1.19.0/STM32CubeIDE/plugins/com.st.stm32cube.ide.mcu.externaltools.gnu-tools-for-stm32.13.3.rel1.win32_1.0.0.202411081344/tools/bin/../lib/gcc/arm-none-eabi/13.3.1/thumb/v7e-m+fp/hard\libgcc.a(_arm_truncdfsf2.o)
 .ARM.attributes
                0x000002e5       0x22 C:/ST/STM32CubeIDE_1.19.0/STM32CubeIDE/plugins/com.st.stm32cube.ide.mcu.externaltools.gnu-tools-for-stm32.13.3.rel1.win32_1.0.0.202411081344/tools/bin/../lib/gcc/arm-none-eabi/13.3.1/thumb/v7e-m+fp/hard/crtn.o
OUTPUT(IWDG_Supervision_Framework.elf elf32-littlearm)
LOAD linker stubs
LOAD C:/ST/STM32CubeIDE_1.19.0/STM32CubeIDE/plugins/com.st.stm32cube.ide.mcu.externaltools.gnu-tools-for-stm32.13.3.rel1.win32_1.0.0.202411081344/tools/bin/../lib/gcc/arm-none-eabi/13.3.1/../../../../arm-none-eabi/lib/thumb/v7e-m+fp/hard\libc.a
LOAD C:/ST/STM32CubeIDE_1.19.0/STM32CubeIDE/plugins/com.st.stm32cube.ide.mcu.externaltools.gnu-tools-for-stm32.13.3.rel1.win32_1.0.0.202411081344/tools/bin/../lib/gcc/arm-none-eabi/13.3.1/../../../../arm-none-eabi/lib/thumb/v7e-m+fp/hard\libm.a
LOAD C:/ST/STM32CubeIDE_1.19.0/STM32CubeIDE/plugins/com.st.stm32cube.ide.mcu.externaltools.gnu-tools-for-stm32.13.3.rel1.win32_1.0.0.202411081344/tools/bin/../lib/gcc/arm-none-eabi/13.3.1/thumb/v7e-m+fp/hard\libgcc.a

.debug_info     0x00000000     0x1927
 .debug_info    0x00000000      0x31b ./App/src/APP_feature.o
 .debug_info    0x0000031b      0x393 ./App/src/app_main.o
 .debug_info    0x000006ae      0x125 ./Services/src/M4_SysTick.o
 .debug_info    0x000007d3      0x3c7 ./Services/src/STM32_ADC.o
 .debug_info    0x00000b9a       0xe3 ./Services/src/STM32_DBGMCU.o
 .debug_info    0x00000c7d      0x3c2 ./Services/src/STM32_GPIO.o
 .debug_info    0x0000103f       0xff ./Services/src/STM32_IWDG.o
 .debug_info    0x0000113e      0x3d3 ./Services/src/STM32_NVIC.o
 .debug_info    0x00001511      0x3e6 ./Services/src/STM32_RCC.o
 .debug_info    0x000018f7       0x30 ./Startup/startup_stm32f407vgtx.o

.debug_abbrev   0x00000000      0x948
 .debug_abbrev  0x00000000      0x13e ./App/src/APP_feature.o
 .debug_abbrev  0x0000013e      0x10b ./App/src/app_main.o
 .debug_abbrev  0x00000249       0xde ./Services/src/M4_SysTick.o
 .debug_abbrev  0x00000327      0x14b ./Services/src/STM32_ADC.o
 .debug_abbrev  0x00000472       0x8e ./Services/src/STM32_DBGMCU.o
 .debug_abbrev  0x00000500      0x108 ./Services/src/STM32_GPIO.o
 .debug_abbrev  0x00000608       0xaa ./Services/src/STM32_IWDG.o
 .debug_abbrev  0x000006b2      0x177 ./Services/src/STM32_NVIC.o
 .debug_abbrev  0x00000829       0xfb ./Services/src/STM32_RCC.o
 .debug_abbrev  0x00000924       0x24 ./Startup/startup_stm32f407vgtx.o

.debug_aranges  0x00000000      0x1d0
 .debug_aranges
                0x00000000       0x28 ./App/src/APP_feature.o
 .debug_aranges
                0x00000028       0x30 ./App/src/app_main.o
 .debug_aranges
                0x00000058       0x28 ./Services/src/M4_SysTick.o
 .debug_aranges
                0x00000080       0x40 ./Services/src/STM32_ADC.o
 .debug_aranges
                0x000000c0       0x20 ./Services/src/STM32_DBGMCU.o
 .debug_aranges
                0x000000e0       0x38 ./Services/src/STM32_GPIO.o
 .debug_aranges
                0x00000118       0x28 ./Services/src/STM32_IWDG.o
 .debug_aranges
                0x00000140       0x38 ./Services/src/STM32_NVIC.o
 .debug_aranges
                0x00000178       0x30 ./Services/src/STM32_RCC.o
 .debug_aranges
                0x000001a8       0x28 ./Startup/startup_stm32f407vgtx.o

.debug_rnglists
                0x00000000      0x131
 .debug_rnglists
                0x00000000       0x1a ./App/src/APP_feature.o
 .debug_rnglists
                0x0000001a       0x1f ./App/src/app_main.o
 .debug_rnglists
                0x00000039       0x19 ./Services/src/M4_SysTick.o
 .debug_rnglists
                0x00000052       0x2d ./Services/src/STM32_ADC.o
 .debug_rnglists
                0x0000007f       0x13 ./Services/src/STM32_DBGMCU.o
 .debug_rnglists
                0x00000092       0x27 ./Services/src/STM32_GPIO.o
 .debug_rnglists
                0x000000b9       0x19 ./Services/src/STM32_IWDG.o
 .debug_rnglists
                0x000000d2       0x26 ./Services/src/STM32_NVIC.o
 .debug_rnglists
                0x000000f8       0x20 ./Services/src/STM32_RCC.o
 .debug_rnglists
                0x00000118       0x19 ./Startup/startup_stm32f407vgtx.o

.debug_macro    0x00000000     0x1ac0
 .debug_macro   0x00000000       0xe3 ./App/src/APP_feature.o
 .debug_macro   0x000000e3      0xae4 ./App/src/APP_feature.o
 .debug_macro   0x00000bc7       0x22 ./App/src/APP_feature.o
 .debug_macro   0x00000be9       0x8e ./App/src/APP_feature.o
 .debug_macro   0x00000c77       0x51 ./App/src/APP_feature.o
 .debug_macro   0x00000cc8      0x103 ./App/src/APP_feature.o
 .debug_macro   0x00000dcb       0x6a ./App/src/APP_feature.o
 .debug_macro   0x00000e35      0x1df ./App/src/APP_feature.o
 .debug_macro   0x00001014       0x58 ./App/src/APP_feature.o
 .debug_macro   0x0000106c      0x130 ./App/src/APP_feature.o
 .debug_macro   0x0000119c       0x40 ./App/src/APP_feature.o
 .debug_macro   0x000011dc       0x2e ./App/src/APP_feature.o
 .debug_macro   0x0000120a       0x7c ./App/src/APP_feature.o
 .debug_macro   0x00001286       0x10 ./App/src/APP_feature.o
 .debug_macro   0x00001296       0x22 ./App/src/APP_feature.o
 .debug_macro   0x000012b8       0x16 ./App/src/APP_feature.o
 .debug_macro   0x000012ce       0xfc ./App/src/app_main.o
 .debug_macro   0x000013ca      0x190 ./App/src/app_main.o
 .debug_macro   0x0000155a       0x7b ./Services/src/M4_SysTick.o
 .debug_macro   0x000015d5       0x10 ./Services/src/M4_SysTick.o
 .debug_macro   0x000015e5       0x84 ./Services/src/STM32_ADC.o
 .debug_macro   0x00001669      0x136 ./Services/src/STM32_ADC.o
 .debug_macro   0x0000179f       0x7b ./Services/src/STM32_DBGMCU.o
 .debug_macro   0x0000181a       0x7b ./Services/src/STM32_GPIO.o
 .debug_macro   0x00001895       0x8a ./Services/src/STM32_IWDG.o
 .debug_macro   0x0000191f       0x9d ./Services/src/STM32_NVIC.o
 .debug_macro   0x000019bc       0x28 ./Services/src/STM32_NVIC.o
 .debug_macro   0x000019e4       0x8a ./Services/src/STM32_RCC.o
 .debug_macro   0x00001a6e       0x52 ./Services/src/STM32_RCC.o

.debug_line     0x00000000     0x329d
 .debug_line    0x00000000      0x5fc ./App/src/APP_feature.o
 .debug_line    0x000005fc      0x5c0 ./App/src/app_main.o
 .debug_line    0x00000bbc      0x4cd ./Services/src/M4_SysTick.o
 .debug_line    0x00001089      0x6a4 ./Services/src/STM32_ADC.o
 .debug_line    0x0000172d      0x490 ./Services/src/STM32_DBGMCU.o
 .debug_line    0x00001bbd      0x67e ./Services/src/STM32_GPIO.o
 .debug_line    0x0000223b      0x4d4 ./Services/src/STM32_IWDG.o
 .debug_line    0x0000270f      0x5d1 ./Services/src/STM32_NVIC.o
 .debug_line    0x00002ce0      0x542 ./Services/src/STM32_RCC.o
 .debug_line    0x00003222       0x7b ./Startup/startup_stm32f407vgtx.o

.debug_str      0x00000000     0x5282
 .debug_str     0x00000000     0x5282 ./App/src/APP_feature.o
                               0x4b05 (size before relaxing)
 .debug_str     0x00005282     0x4ecd ./App/src/app_main.o
 .debug_str     0x00005282     0x3f54 ./Services/src/M4_SysTick.o
 .debug_str     0x00005282     0x4782 ./Services/src/STM32_ADC.o
 .debug_str     0x00005282     0x3fcf ./Services/src/STM32_DBGMCU.o
 .debug_str     0x00005282     0x4559 ./Services/src/STM32_GPIO.o
 .debug_str     0x00005282     0x409e ./Services/src/STM32_IWDG.o
 .debug_str     0x00005282     0x476c ./Services/src/STM32_NVIC.o
 .debug_str     0x00005282     0x47ed ./Services/src/STM32_RCC.o
 .debug_str     0x00005282       0x8f ./Startup/startup_stm32f407vgtx.o

.comment        0x00000000       0x43
 .comment       0x00000000       0x43 ./App/src/APP_feature.o
                                 0x44 (size before relaxing)
 .comment       0x00000043       0x44 ./App/src/app_main.o
 .comment       0x00000043       0x44 ./Services/src/M4_SysTick.o
 .comment       0x00000043       0x44 ./Services/src/STM32_ADC.o
 .comment       0x00000043       0x44 ./Services/src/STM32_DBGMCU.o
 .comment       0x00000043       0x44 ./Services/src/STM32_GPIO.o
 .comment       0x00000043       0x44 ./Services/src/STM32_IWDG.o
 .comment       0x00000043       0x44 ./Services/src/STM32_NVIC.o
 .comment       0x00000043       0x44 ./Services/src/STM32_RCC.o

.debug_frame    0x00000000      0x570
 .debug_frame   0x00000000       0x54 ./App/src/APP_feature.o
 .debug_frame   0x00000054       0x6c ./App/src/app_main.o
 .debug_frame   0x000000c0       0x58 ./Services/src/M4_SysTick.o
 .debug_frame   0x00000118       0xd0 ./Services/src/STM32_ADC.o
 .debug_frame   0x000001e8       0x30 ./Services/src/STM32_DBGMCU.o
 .debug_frame   0x00000218       0xb0 ./Services/src/STM32_GPIO.o
 .debug_frame   0x000002c8       0x4c ./Services/src/STM32_IWDG.o
 .debug_frame   0x00000314       0x90 ./Services/src/STM32_NVIC.o
 .debug_frame   0x000003a4       0x80 ./Services/src/STM32_RCC.o
 .debug_frame   0x00000424       0x2c C:/ST/STM32CubeIDE_1.19.0/STM32CubeIDE/plugins/com.st.stm32cube.ide.mcu.externaltools.gnu-tools-for-stm32.13.3.rel1.win32_1.0.0.202411081344/tools/bin/../lib/gcc/arm-none-eabi/13.3.1/../../../../arm-none-eabi/lib/thumb/v7e-m+fp/hard\libc_nano.a(libc_a-init.o)
 .debug_frame   0x00000450       0xac C:/ST/STM32CubeIDE_1.19.0/STM32CubeIDE/plugins/com.st.stm32cube.ide.mcu.externaltools.gnu-tools-for-stm32.13.3.rel1.win32_1.0.0.202411081344/tools/bin/../lib/gcc/arm-none-eabi/13.3.1/thumb/v7e-m+fp/hard\libgcc.a(_arm_addsubdf3.o)
 .debug_frame   0x000004fc       0x50 C:/ST/STM32CubeIDE_1.19.0/STM32CubeIDE/plugins/com.st.stm32cube.ide.mcu.externaltools.gnu-tools-for-stm32.13.3.rel1.win32_1.0.0.202411081344/tools/bin/../lib/gcc/arm-none-eabi/13.3.1/thumb/v7e-m+fp/hard\libgcc.a(_arm_muldivdf3.o)
 .debug_frame   0x0000054c       0x24 C:/ST/STM32CubeIDE_1.19.0/STM32CubeIDE/plugins/com.st.stm32cube.ide.mcu.externaltools.gnu-tools-for-stm32.13.3.rel1.win32_1.0.0.202411081344/tools/bin/../lib/gcc/arm-none-eabi/13.3.1/thumb/v7e-m+fp/hard\libgcc.a(_arm_truncdfsf2.o)

.debug_line_str
                0x00000000       0x73
 .debug_line_str
                0x00000000       0x73 ./Startup/startup_stm32f407vgtx.o
