../Third_Party/BMP280/src/BMP_280.c:17:6:bmp280_burst_read	40	static
../Third_Party/BMP280/src/BMP_280.c:38:6:bmp280_read_calibration	48	static
../Third_Party/BMP280/src/BMP_280.c:64:6:bmp280_read_raw_data	24	static
../Third_Party/BMP280/src/BMP_280.c:77:9:bmp280_compensate_temperature	32	static
../Third_Party/BMP280/src/BMP_280.c:100:10:bmp280_compensate_pressure	336	static
../Third_Party/BMP280/src/BMP_280.c:138:6:bmp280_init	8	static
../Third_Party/BMP280/src/BMP_280.c:146:6:bmp280_get_temperature	16	static
../Third_Party/BMP280/src/BMP_280.c:165:6:bmp280_write_register	24	static
