Archive member included to satisfy reference by file (symbol)

C:/ST/STM32CubeIDE_1.19.0/STM32CubeIDE/plugins/com.st.stm32cube.ide.mcu.externaltools.gnu-tools-for-stm32.13.3.rel1.win32_1.0.0.202411081344/tools/bin/../lib/gcc/arm-none-eabi/13.3.1/../../../../arm-none-eabi/lib/thumb/v7e-m+fp/hard\libc_nano.a(libc_a-exit.o)
                              C:/ST/STM32CubeIDE_1.19.0/STM32CubeIDE/plugins/com.st.stm32cube.ide.mcu.externaltools.gnu-tools-for-stm32.13.3.rel1.win32_1.0.0.202411081344/tools/bin/../lib/gcc/arm-none-eabi/13.3.1/../../../../arm-none-eabi/lib/thumb/v7e-m+fp/hard/crt0.o (exit)
C:/ST/STM32CubeIDE_1.19.0/STM32CubeIDE/plugins/com.st.stm32cube.ide.mcu.externaltools.gnu-tools-for-stm32.13.3.rel1.win32_1.0.0.202411081344/tools/bin/../lib/gcc/arm-none-eabi/13.3.1/../../../../arm-none-eabi/lib/thumb/v7e-m+fp/hard\libc_nano.a(libc_a-findfp.o)
                              C:/ST/STM32CubeIDE_1.19.0/STM32CubeIDE/plugins/com.st.stm32cube.ide.mcu.externaltools.gnu-tools-for-stm32.13.3.rel1.win32_1.0.0.202411081344/tools/bin/../lib/gcc/arm-none-eabi/13.3.1/../../../../arm-none-eabi/lib/thumb/v7e-m+fp/hard\libc_nano.a(libc_a-exit.o) (__stdio_exit_handler)
C:/ST/STM32CubeIDE_1.19.0/STM32CubeIDE/plugins/com.st.stm32cube.ide.mcu.externaltools.gnu-tools-for-stm32.13.3.rel1.win32_1.0.0.202411081344/tools/bin/../lib/gcc/arm-none-eabi/13.3.1/../../../../arm-none-eabi/lib/thumb/v7e-m+fp/hard\libc_nano.a(libc_a-fwalk.o)
                              C:/ST/STM32CubeIDE_1.19.0/STM32CubeIDE/plugins/com.st.stm32cube.ide.mcu.externaltools.gnu-tools-for-stm32.13.3.rel1.win32_1.0.0.202411081344/tools/bin/../lib/gcc/arm-none-eabi/13.3.1/../../../../arm-none-eabi/lib/thumb/v7e-m+fp/hard\libc_nano.a(libc_a-findfp.o) (_fwalk_sglue)
C:/ST/STM32CubeIDE_1.19.0/STM32CubeIDE/plugins/com.st.stm32cube.ide.mcu.externaltools.gnu-tools-for-stm32.13.3.rel1.win32_1.0.0.202411081344/tools/bin/../lib/gcc/arm-none-eabi/13.3.1/../../../../arm-none-eabi/lib/thumb/v7e-m+fp/hard\libc_nano.a(libc_a-stdio.o)
                              C:/ST/STM32CubeIDE_1.19.0/STM32CubeIDE/plugins/com.st.stm32cube.ide.mcu.externaltools.gnu-tools-for-stm32.13.3.rel1.win32_1.0.0.202411081344/tools/bin/../lib/gcc/arm-none-eabi/13.3.1/../../../../arm-none-eabi/lib/thumb/v7e-m+fp/hard\libc_nano.a(libc_a-findfp.o) (__sread)
C:/ST/STM32CubeIDE_1.19.0/STM32CubeIDE/plugins/com.st.stm32cube.ide.mcu.externaltools.gnu-tools-for-stm32.13.3.rel1.win32_1.0.0.202411081344/tools/bin/../lib/gcc/arm-none-eabi/13.3.1/../../../../arm-none-eabi/lib/thumb/v7e-m+fp/hard\libc_nano.a(libc_a-memset.o)
                              C:/ST/STM32CubeIDE_1.19.0/STM32CubeIDE/plugins/com.st.stm32cube.ide.mcu.externaltools.gnu-tools-for-stm32.13.3.rel1.win32_1.0.0.202411081344/tools/bin/../lib/gcc/arm-none-eabi/13.3.1/../../../../arm-none-eabi/lib/thumb/v7e-m+fp/hard/crt0.o (memset)
C:/ST/STM32CubeIDE_1.19.0/STM32CubeIDE/plugins/com.st.stm32cube.ide.mcu.externaltools.gnu-tools-for-stm32.13.3.rel1.win32_1.0.0.202411081344/tools/bin/../lib/gcc/arm-none-eabi/13.3.1/../../../../arm-none-eabi/lib/thumb/v7e-m+fp/hard\libc_nano.a(libc_a-closer.o)
                              C:/ST/STM32CubeIDE_1.19.0/STM32CubeIDE/plugins/com.st.stm32cube.ide.mcu.externaltools.gnu-tools-for-stm32.13.3.rel1.win32_1.0.0.202411081344/tools/bin/../lib/gcc/arm-none-eabi/13.3.1/../../../../arm-none-eabi/lib/thumb/v7e-m+fp/hard\libc_nano.a(libc_a-stdio.o) (_close_r)
C:/ST/STM32CubeIDE_1.19.0/STM32CubeIDE/plugins/com.st.stm32cube.ide.mcu.externaltools.gnu-tools-for-stm32.13.3.rel1.win32_1.0.0.202411081344/tools/bin/../lib/gcc/arm-none-eabi/13.3.1/../../../../arm-none-eabi/lib/thumb/v7e-m+fp/hard\libc_nano.a(libc_a-reent.o)
                              C:/ST/STM32CubeIDE_1.19.0/STM32CubeIDE/plugins/com.st.stm32cube.ide.mcu.externaltools.gnu-tools-for-stm32.13.3.rel1.win32_1.0.0.202411081344/tools/bin/../lib/gcc/arm-none-eabi/13.3.1/../../../../arm-none-eabi/lib/thumb/v7e-m+fp/hard\libc_nano.a(libc_a-closer.o) (errno)
C:/ST/STM32CubeIDE_1.19.0/STM32CubeIDE/plugins/com.st.stm32cube.ide.mcu.externaltools.gnu-tools-for-stm32.13.3.rel1.win32_1.0.0.202411081344/tools/bin/../lib/gcc/arm-none-eabi/13.3.1/../../../../arm-none-eabi/lib/thumb/v7e-m+fp/hard\libc_nano.a(libc_a-impure.o)
                              C:/ST/STM32CubeIDE_1.19.0/STM32CubeIDE/plugins/com.st.stm32cube.ide.mcu.externaltools.gnu-tools-for-stm32.13.3.rel1.win32_1.0.0.202411081344/tools/bin/../lib/gcc/arm-none-eabi/13.3.1/../../../../arm-none-eabi/lib/thumb/v7e-m+fp/hard\libc_nano.a(libc_a-reent.o) (_impure_ptr)
C:/ST/STM32CubeIDE_1.19.0/STM32CubeIDE/plugins/com.st.stm32cube.ide.mcu.externaltools.gnu-tools-for-stm32.13.3.rel1.win32_1.0.0.202411081344/tools/bin/../lib/gcc/arm-none-eabi/13.3.1/../../../../arm-none-eabi/lib/thumb/v7e-m+fp/hard\libc_nano.a(libc_a-lseekr.o)
[...]
Memory Configuration

Name             Origin             Length             Attributes
CCMRAM           0x10000000         0x00010000         xrw
RAM              0x20000000         0x00020000         xrw
FLASH            0x08000000         0x00100000         xr
*default*        0x00000000         0xffffffff

Linker script and memory map

LOAD C:/ST/STM32CubeIDE_1.19.0/STM32CubeIDE/plugins/com.st.stm32cube.ide.mcu.externaltools.gnu-tools-for-stm32.13.3.rel1.win32_1.0.0.202411081344/tools/bin/../lib/gcc/arm-none-eabi/13.3.1/thumb/v7e-m+fp/hard/crti.o
LOAD C:/ST/STM32CubeIDE_1.19.0/STM32CubeIDE/plugins/com.st.stm32cube.ide.mcu.externaltools.gnu-tools-for-stm32.13.3.rel1.win32_1.0.0.202411081344/tools/bin/../lib/gcc/arm-none-eabi/13.3.1/thumb/v7e-m+fp/hard/crtbegin.o
LOAD C:/ST/STM32CubeIDE_1.19.0/STM32CubeIDE/plugins/com.st.stm32cube.ide.mcu.externaltools.gnu-tools-for-stm32.13.3.rel1.win32_1.0.0.202411081344/tools/bin/../lib/gcc/arm-none-eabi/13.3.1/../../../../arm-none-eabi/lib/thumb/v7e-m+fp/hard/crt0.o
LOAD ./App/src/APP_feature.o
LOAD ./App/src/app_main.o
LOAD ./Services/src/M4_FPU.o
LOAD ./Services/src/M4_SysTick.o
LOAD ./Services/src/STM32_ADC.o
LOAD ./Services/src/STM32_DBGMCU.o
LOAD ./Services/src/STM32_GPIO.o
LOAD ./Services/src/STM32_GPT.o
LOAD ./Services/src/STM32_IWDG.o
LOAD ./Services/src/STM32_NVIC.o
LOAD ./Services/src/STM32_RCC.o
LOAD ./Services/src/STM32_UART.o
LOAD ./Src/syscalls.o
LOAD ./Src/sysmem.o
LOAD ./Startup/startup_stm32f407vgtx.o
LOAD ./Third_Party/FreeRTOS/croutine.o
LOAD ./Third_Party/FreeRTOS/event_groups.o
LOAD ./Third_Party/FreeRTOS/list.o
LOAD ./Third_Party/FreeRTOS/queue.o
LOAD ./Third_Party/FreeRTOS/stream_buffer.o
LOAD ./Third_Party/FreeRTOS/tasks.o
LOAD ./Third_Party/FreeRTOS/timers.o
LOAD ./Third_Party/FreeRTOS/portable/GCC/ARM_CM4F/port.o
LOAD ./Third_Party/FreeRTOS/portable/MemMang/heap_1.o
START GROUP
LOAD C:/ST/STM32CubeIDE_1.19.0/STM32CubeIDE/plugins/com.st.stm32cube.ide.mcu.externaltools.gnu-tools-for-stm32.13.3.rel1.win32_1.0.0.202411081344/tools/bin/../lib/gcc/arm-none-eabi/13.3.1/../../../../arm-none-eabi/lib/thumb/v7e-m+fp/hard\libc_nano.a
LOAD C:/ST/STM32CubeIDE_1.19.0/STM32CubeIDE/plugins/com.st.stm32cube.ide.mcu.externaltools.gnu-tools-for-stm32.13.3.rel1.win32_1.0.0.202411081344/tools/bin/../lib/gcc/arm-none-eabi/13.3.1/../../../../arm-none-eabi/lib/thumb/v7e-m+fp/hard\libm.a
END GROUP
START GROUP
LOAD C:/ST/STM32CubeIDE_1.19.0/STM32CubeIDE/plugins/com.st.stm32cube.ide.mcu.externaltools.gnu-tools-for-stm32.13.3.rel1.win32_1.0.0.202411081344/tools/bin/../lib/gcc/arm-none-eabi/13.3.1/thumb/v7e-m+fp/hard\libgcc.a
LOAD C:/ST/STM32CubeIDE_1.19.0/STM32CubeIDE/plugins/com.st.stm32cube.ide.mcu.externaltools.gnu-tools-for-stm32.13.3.rel1.win32_1.0.0.202411081344/tools/bin/../lib/gcc/arm-none-eabi/13.3.1/../../../../arm-none-eabi/lib/thumb/v7e-m+fp/hard\libc_nano.a
END GROUP
START GROUP
LOAD C:/ST/STM32CubeIDE_1.19.0/STM32CubeIDE/plugins/com.st.stm32cube.ide.mcu.externaltools.gnu-tools-for-stm32.13.3.rel1.win32_1.0.0.202411081344/tools/bin/../lib/gcc/arm-none-eabi/13.3.1/thumb/v7e-m+fp/hard\libgcc.a
LOAD C:/ST/STM32CubeIDE_1.19.0/STM32CubeIDE/plugins/com.st.stm32cube.ide.mcu.externaltools.gnu-tools-for-stm32.13.3.rel1.win32_1.0.0.202411081344/tools/bin/../lib/gcc/arm-none-eabi/13.3.1/../../../../arm-none-eabi/lib/thumb/v7e-m+fp/hard\libc_nano.a
LOAD C:/ST/STM32CubeIDE_1.19.0/STM32CubeIDE/plugins/com.st.stm32cube.ide.mcu.externaltools.gnu-tools-for-stm32.13.3.rel1.win32_1.0.0.202411081344/tools/bin/../lib/gcc/arm-none-eabi/13.3.1/../../../../arm-none-eabi/lib/thumb/v7e-m+fp/hard\libnosys.a
END GROUP
START GROUP
LOAD C:/ST/STM32CubeIDE_1.19.0/STM32CubeIDE/plugins/com.st.stm32cube.ide.mcu.externaltools.gnu-tools-for-stm32.13.3.rel1.win32_1.0.0.202411081344/tools/bin/../lib/gcc/arm-none-eabi/13.3.1/thumb/v7e-m+fp/hard\libgcc.a
LOAD C:/ST/STM32CubeIDE_1.19.0/STM32CubeIDE/plugins/com.st.stm32cube.ide.mcu.externaltools.gnu-tools-for-stm32.13.3.rel1.win32_1.0.0.202411081344/tools/bin/../lib/gcc/arm-none-eabi/13.3.1/../../../../arm-none-eabi/lib/thumb/v7e-m+fp/hard\libc_nano.a
LOAD C:/ST/STM32CubeIDE_1.19.0/STM32CubeIDE/plugins/com.st.stm32cube.ide.mcu.externaltools.gnu-tools-for-stm32.13.3.rel1.win32_1.0.0.202411081344/tools/bin/../lib/gcc/arm-none-eabi/13.3.1/../../../../arm-none-eabi/lib/thumb/v7e-m+fp/hard\libnosys.a
END GROUP
LOAD C:/ST/STM32CubeIDE_1.19.0/STM32CubeIDE/plugins/com.st.stm32cube.ide.mcu.externaltools.gnu-tools-for-stm32.13.3.rel1.win32_1.0.0.202411081344/tools/bin/../lib/gcc/arm-none-eabi/13.3.1/thumb/v7e-m+fp/hard/crtend.o
LOAD C:/ST/STM32CubeIDE_1.19.0/STM32CubeIDE/plugins/com.st.stm32cube.ide.mcu.externaltools.gnu-tools-for-stm32.13.3.rel1.win32_1.0.0.202411081344/tools/bin/../lib/gcc/arm-none-eabi/13.3.1/thumb/v7e-m+fp/hard/crtn.o
                0x20020000                        _estack = (ORIGIN (RAM) + LENGTH (RAM))
                0x00000200                        _Min_Heap_Size = 0x200
                0x00000400                        _Min_Stack_Size = 0x400

.isr_vector     0x08000000      0x188
                0x08000000                        . = ALIGN (0x4)
 *(.isr_vector)
 .isr_vector    0x08000000      0x188 ./Startup/startup_stm32f407vgtx.o
                0x08000000                g_pfnVectors
                0x08000188                        . = ALIGN (0x4)

.text           0x08000190     0x2aac
                0x08000190                        . = ALIGN (0x4)
 *(.text)
 .text          0x08000190       0x40 C:/ST/STM32CubeIDE_1.19.0/STM32CubeIDE/plugins/com.st.stm32cube.ide.mcu.externaltools.gnu-tools-for-stm32.13.3.rel1.win32_1.0.0.202411081344/tools/bin/../lib/gcc/arm-none-eabi/13.3.1/thumb/v7e-m+fp/hard/crtbegin.o
 *(.text*)
 .text.fade_led_program
                0x080001d0       0x84 ./App/src/APP_feature.o
                0x080001d0                fade_led_program
 .text.service_init
                0x08000254       0x1c ./App/src/app_main.o
                0x08000254                service_init
 .text.app_init
                0x08000270        0xe ./App/src/app_main.o
                0x08000270                app_init
 *fill*         0x0800027e        0x2 
 .text.main     0x08000280       0x54 ./App/src/app_main.o
                0x08000280                main
 .text.blink_led1
                0x080002d4       0x20 ./App/src/app_main.o
                0x080002d4                blink_led1
 .text.blink_led2
                0x080002f4       0x20 ./App/src/app_main.o
                0x080002f4                blink_led2
 .text.vApplicationStackOverflowHook
                0x08000314       0x22 ./App/src/app_main.o
                0x08000314                vApplicationStackOverflowHook
 *fill*         0x08000336        0x2 
 .text.pin_init
                0x08000338      0x198 ./Services/src/STM32_GPIO.o
                0x08000338                pin_init
 .text.pin_operations
                0x080004d0       0x70 ./Services/src/STM32_GPIO.o
                0x080004d0                pin_operations
 .text.TIM2_IRQHandler
                0x08000540       0xa0 ./Services/src/STM32_NVIC.o
                0x08000540                TIM2_IRQHandler
 .text.TIM4_IRQHandler
                0x080005e0       0x28 ./Services/src/STM32_NVIC.o
                0x080005e0                TIM4_IRQHandler
 .text.Reset_Handler
                0x08000608       0x50 ./Startup/startup_stm32f407vgtx.o
                0x08000608                Reset_Handler
 .text.Default_Handler
                0x08000658        0x2 ./Startup/startup_stm32f407vgtx.o
                0x08000658                RTC_Alarm_IRQHandler
                0x08000658                HASH_RNG_IRQHandler
                0x08000658                EXTI2_IRQHandler
                0x08000658                TIM8_CC_IRQHandler
                0x08000658                DebugMon_Handler
                0x08000658                TIM1_CC_IRQHandler
                0x08000658                DMA2_Stream5_IRQHandler
                0x08000658                HardFault_Handler
                0x08000658                DMA1_Stream5_IRQHandler
                0x08000658                SysTick_Handler
                0x08000658                PVD_IRQHandler
                0x08000658                SDIO_IRQHandler
                0x08000658                TAMP_STAMP_IRQHandler
                0x08000658                PendSV_Handler
                0x08000658                NMI_Handler
                0x08000658                CAN2_RX1_IRQHandler
                0x08000658                EXTI3_IRQHandler
                0x08000658                TIM8_TRG_COM_TIM14_IRQHandler
                0x08000658                TIM1_UP_TIM10_IRQHandler
                0x08000658                TIM8_UP_TIM13_IRQHandler
                0x08000658                I2C3_ER_IRQHandler
                0x08000658                EXTI0_IRQHandler
                0x08000658                I2C2_EV_IRQHandler
                0x08000658                DMA1_Stream2_IRQHandler
                0x08000658                CAN1_RX0_IRQHandler
                0x08000658                FPU_IRQHandler
                0x08000658                OTG_HS_WKUP_IRQHandler
                0x08000658                UsageFault_Handler
                0x08000658                CAN2_SCE_IRQHandler
                0x08000658                DMA2_Stream2_IRQHandler
                0x08000658                SPI1_IRQHandler
                0x08000658                TIM6_DAC_IRQHandler
                0x08000658                TIM1_BRK_TIM9_IRQHandler
                0x08000658                DCMI_IRQHandler
                0x08000658                CAN2_RX0_IRQHandler
                0x08000658                DMA2_Stream3_IRQHandler
                0x08000658                USART6_IRQHandler
                0x08000658                USART3_IRQHandler
                0x08000658                CRYP_IRQHandler
                0x08000658                CAN1_RX1_IRQHandler
                0x08000658                UART5_IRQHandler
                0x08000658                DMA2_Stream0_IRQHandler
                0x08000658                I2C1_EV_IRQHandler
                0x08000658                DMA1_Stream6_IRQHandler
                0x08000658                DMA1_Stream1_IRQHandler
                0x08000658                UART4_IRQHandler
                0x08000658                TIM3_IRQHandler
                0x08000658                RCC_IRQHandler
                0x08000658                TIM8_BRK_TIM12_IRQHandler
                0x08000658                Default_Handler
                0x08000658                EXTI15_10_IRQHandler
                0x08000658                ADC_IRQHandler
                0x08000658                DMA1_Stream7_IRQHandler
                0x08000658                TIM7_IRQHandler
                0x08000658                CAN2_TX_IRQHandler
                0x08000658                TIM5_IRQHandler
                0x08000658                DMA2_Stream7_IRQHandler
                0x08000658                I2C3_EV_IRQHandler
                0x08000658                EXTI9_5_IRQHandler
                0x08000658                RTC_WKUP_IRQHandler
                0x08000658                ETH_WKUP_IRQHandler
                0x08000658                SPI2_IRQHandler
                0x08000658                OTG_HS_EP1_IN_IRQHandler
                0x08000658                MemManage_Handler
                0x08000658                DMA1_Stream0_IRQHandler
                0x08000658                CAN1_TX_IRQHandler
                0x08000658                SVC_Handler
                0x08000658                EXTI4_IRQHandler
                0x08000658                FSMC_IRQHandler
                0x08000658                ETH_IRQHandler
                0x08000658                OTG_HS_EP1_OUT_IRQHandler
                0x08000658                WWDG_IRQHandler
                0x08000658                OTG_FS_WKUP_IRQHandler
                0x08000658                TIM1_TRG_COM_TIM11_IRQHandler
                0x08000658                OTG_HS_IRQHandler
                0x08000658                EXTI1_IRQHandler
                0x08000658                USART2_IRQHandler
                0x08000658                I2C2_ER_IRQHandler
                0x08000658                DMA2_Stream1_IRQHandler
                0x08000658                CAN1_SCE_IRQHandler
                0x08000658                DMA2_Stream4_IRQHandler
                0x08000658                BusFault_Handler
                0x08000658                USART1_IRQHandler
                0x08000658                OTG_FS_IRQHandler
                0x08000658                SPI3_IRQHandler
                0x08000658                DMA1_Stream4_IRQHandler
                0x08000658                I2C1_ER_IRQHandler
                0x08000658                DMA2_Stream6_IRQHandler
                0x08000658                DMA1_Stream3_IRQHandler
 .text.vListInitialise
                0x0800065a       0x46 ./Third_Party/FreeRTOS/list.o
                0x0800065a                vListInitialise
 .text.vListInitialiseItem
                0x080006a0       0x1a ./Third_Party/FreeRTOS/list.o
                0x080006a0                vListInitialiseItem
 .text.vListInsert
                0x080006ba       0x86 ./Third_Party/FreeRTOS/list.o
                0x080006ba                vListInsert
 .text.uxListRemove
                0x08000740       0x54 ./Third_Party/FreeRTOS/list.o
                0x08000740                uxListRemove
 .text.xQueueGenericReset
                0x08000794      0x124 ./Third_Party/FreeRTOS/queue.o
                0x08000794                xQueueGenericReset
 .text.xQueueGenericCreateStatic
                0x080008b8       0xc2 ./Third_Party/FreeRTOS/queue.o
                0x080008b8                xQueueGenericCreateStatic
 .text.prvInitialiseNewQueue
                0x0800097a       0x3e ./Third_Party/FreeRTOS/queue.o
 .text.xQueueReceive
                0x080009b8      0x1cc ./Third_Party/FreeRTOS/queue.o
                0x080009b8                xQueueReceive
 .text.prvCopyDataFromQueue
                0x08000b84       0x4c ./Third_Party/FreeRTOS/queue.o
 .text.prvUnlockQueue
                0x08000bd0       0xa4 ./Third_Party/FreeRTOS/queue.o
 .text.prvIsQueueEmpty
                0x08000c74       0x2c ./Third_Party/FreeRTOS/queue.o
 .text.vQueueWaitForMessageRestricted
                0x08000ca0       0x6e ./Third_Party/FreeRTOS/queue.o
                0x08000ca0                vQueueWaitForMessageRestricted
 .text.prvCreateStaticTask
                0x08000d0e       0xc2 ./Third_Party/FreeRTOS/tasks.o
 .text.xTaskCreateStatic
                0x08000dd0       0x48 ./Third_Party/FreeRTOS/tasks.o
                0x08000dd0                xTaskCreateStatic
 .text.prvCreateTask
                0x08000e18       0x80 ./Third_Party/FreeRTOS/tasks.o
 .text.xTaskCreate
                0x08000e98       0x46 ./Third_Party/FreeRTOS/tasks.o
                0x08000e98                xTaskCreate
 .text.prvInitialiseNewTask
                0x08000ede      0x132 ./Third_Party/FreeRTOS/tasks.o
 .text.prvAddNewTaskToReadyList
                0x08001010      0x12c ./Third_Party/FreeRTOS/tasks.o
 .text.vTaskDelay
                0x0800113c       0x70 ./Third_Party/FreeRTOS/tasks.o
                0x0800113c                vTaskDelay
 .text.prvCreateIdleTasks
                0x080011ac       0xd0 ./Third_Party/FreeRTOS/tasks.o
 .text.vTaskStartScheduler
                0x0800127c       0x98 ./Third_Party/FreeRTOS/tasks.o
                0x0800127c                vTaskStartScheduler
 .text.vTaskSuspendAll
                0x08001314       0x1c ./Third_Party/FreeRTOS/tasks.o
                0x08001314                vTaskSuspendAll
 .text.xTaskResumeAll
                0x08001330      0x22c ./Third_Party/FreeRTOS/tasks.o
                0x08001330                xTaskResumeAll
 .text.xTaskGetTickCount
                0x0800155c       0x2c ./Third_Party/FreeRTOS/tasks.o
                0x0800155c                xTaskGetTickCount
 .text.xTaskIncrementTick
                0x08001588      0x250 ./Third_Party/FreeRTOS/tasks.o
                0x08001588                xTaskIncrementTick
 .text.vTaskSwitchContext
                0x080017d8      0x10c ./Third_Party/FreeRTOS/tasks.o
                0x080017d8                vTaskSwitchContext
 .text.vTaskPlaceOnEventList
                0x080018e4       0x50 ./Third_Party/FreeRTOS/tasks.o
                0x080018e4                vTaskPlaceOnEventList
 .text.vTaskPlaceOnEventListRestricted
                0x08001934       0x94 ./Third_Party/FreeRTOS/tasks.o
                0x08001934                vTaskPlaceOnEventListRestricted
 .text.xTaskRemoveFromEventList
                0x080019c8      0x1b8 ./Third_Party/FreeRTOS/tasks.o
                0x080019c8                xTaskRemoveFromEventList
 .text.vTaskInternalSetTimeOutState
                0x08001b80       0x30 ./Third_Party/FreeRTOS/tasks.o
                0x08001b80                vTaskInternalSetTimeOutState
 .text.xTaskCheckForTimeOut
                0x08001bb0      0x114 ./Third_Party/FreeRTOS/tasks.o
                0x08001bb0                xTaskCheckForTimeOut
 .text.vTaskMissedYield
                0x08001cc4       0x18 ./Third_Party/FreeRTOS/tasks.o
                0x08001cc4                vTaskMissedYield
 .text.prvIdleTask
                0x08001cdc       0x30 ./Third_Party/FreeRTOS/tasks.o
 .text.prvInitialiseTaskLists
                0x08001d0c       0x80 ./Third_Party/FreeRTOS/tasks.o
 .text.prvCheckTasksWaitingTermination
                0x08001d8c       0x5c ./Third_Party/FreeRTOS/tasks.o
 .text.prvDeleteTCB
                0x08001de8       0x60 ./Third_Party/FreeRTOS/tasks.o
 .text.prvResetNextTaskUnblockTime
                0x08001e48       0x40 ./Third_Party/FreeRTOS/tasks.o
 .text.xTaskGetSchedulerState
                0x08001e88       0x3c ./Third_Party/FreeRTOS/tasks.o
                0x08001e88                xTaskGetSchedulerState
 .text.prvAddCurrentTaskToDelayedList
                0x08001ec4      0x114 ./Third_Party/FreeRTOS/tasks.o
 .text.vApplicationGetIdleTaskMemory
                0x08001fd8       0x34 ./Third_Party/FreeRTOS/tasks.o
                0x08001fd8                vApplicationGetIdleTaskMemory
 .text.vApplicationGetTimerTaskMemory
                0x0800200c       0x34 ./Third_Party/FreeRTOS/tasks.o
                0x0800200c                vApplicationGetTimerTaskMemory
 .text.xTimerCreateTimerTask
                0x08002040       0x94 ./Third_Party/FreeRTOS/timers.o
                0x08002040                xTimerCreateTimerTask
 .text.prvReloadTimer
                0x080020d4       0x6a ./Third_Party/FreeRTOS/timers.o
 *fill*         0x0800213e        0x2 
 .text.prvProcessExpiredTimer
                0x08002140       0x6c ./Third_Party/FreeRTOS/timers.o
 .text.prvTimerTask
                0x080021ac       0x2a ./Third_Party/FreeRTOS/timers.o
 *fill*         0x080021d6        0x2 
 .text.prvProcessTimerOrBlockTask
                0x080021d8       0xb8 ./Third_Party/FreeRTOS/timers.o
 .text.prvGetNextExpireTime
                0x08002290       0x58 ./Third_Party/FreeRTOS/timers.o
 .text.prvSampleTimeNow
                0x080022e8       0x50 ./Third_Party/FreeRTOS/timers.o
 .text.prvInsertTimerInActiveList
                0x08002338       0xac ./Third_Party/FreeRTOS/timers.o
 .text.prvProcessReceivedCommands
                0x080023e4      0x1ec ./Third_Party/FreeRTOS/timers.o
 .text.prvSwitchTimerLists
                0x080025d0       0x54 ./Third_Party/FreeRTOS/timers.o
 .text.prvCheckForValidListAndQueue
                0x08002624       0x68 ./Third_Party/FreeRTOS/timers.o
 .text.pxPortInitialiseStack
                0x0800268c       0x68 ./Third_Party/FreeRTOS/portable/GCC/ARM_CM4F/port.o
                0x0800268c                pxPortInitialiseStack
 .text.prvTaskExitError
                0x080026f4       0x5c ./Third_Party/FreeRTOS/portable/GCC/ARM_CM4F/port.o
 .text.vPortSVCHandler
                0x08002750       0x28 ./Third_Party/FreeRTOS/portable/GCC/ARM_CM4F/port.o
                0x08002750                vPortSVCHandler
 .text.prvPortStartFirstTask
                0x08002778       0x2c ./Third_Party/FreeRTOS/portable/GCC/ARM_CM4F/port.o
 .text.xPortStartScheduler
                0x080027a4      0x1b8 ./Third_Party/FreeRTOS/portable/GCC/ARM_CM4F/port.o
                0x080027a4                xPortStartScheduler
 .text.vPortEnterCritical
                0x0800295c       0x64 ./Third_Party/FreeRTOS/portable/GCC/ARM_CM4F/port.o
                0x0800295c                vPortEnterCritical
 .text.vPortExitCritical
                0x080029c0       0x54 ./Third_Party/FreeRTOS/portable/GCC/ARM_CM4F/port.o
                0x080029c0                vPortExitCritical
 *fill*         0x08002a14        0xc 
 .text.xPortPendSVHandler
                0x08002a20       0x68 ./Third_Party/FreeRTOS/portable/GCC/ARM_CM4F/port.o
                0x08002a20                xPortPendSVHandler
 .text.vPortSetupTimerInterrupt
                0x08002a88       0x38 ./Third_Party/FreeRTOS/portable/GCC/ARM_CM4F/port.o
                0x08002a88                vPortSetupTimerInterrupt
 .text.vPortEnableVFP
                0x08002ac0       0x18 ./Third_Party/FreeRTOS/portable/GCC/ARM_CM4F/port.o
 .text.pvPortMalloc
                0x08002ad8       0xa4 ./Third_Party/FreeRTOS/portable/MemMang/heap_1.o
                0x08002ad8                pvPortMalloc
 .text.vPortFree
                0x08002b7c       0x32 ./Third_Party/FreeRTOS/portable/MemMang/heap_1.o
                0x08002b7c                vPortFree
 .text.memset   0x08002bae       0x10 C:/ST/STM32CubeIDE_1.19.0/STM32CubeIDE/plugins/com.st.stm32cube.ide.mcu.externaltools.gnu-tools-for-stm32.13.3.rel1.win32_1.0.0.202411081344/tools/bin/../lib/gcc/arm-none-eabi/13.3.1/../../../../arm-none-eabi/lib/thumb/v7e-m+fp/hard\libc_nano.a(libc_a-memset.o)
                0x08002bae                memset
 *fill*         0x08002bbe        0x2 
 .text.__libc_init_array
                0x08002bc0       0x48 C:/ST/STM32CubeIDE_1.19.0/STM32CubeIDE/plugins/com.st.stm32cube.ide.mcu.externaltools.gnu-tools-for-stm32.13.3.rel1.win32_1.0.0.202411081344/tools/bin/../lib/gcc/arm-none-eabi/13.3.1/../../../../arm-none-eabi/lib/thumb/v7e-m+fp/hard\libc_nano.a(libc_a-init.o)
                0x08002bc0                __libc_init_array
 .text.memcpy   0x08002c08       0x1c C:/ST/STM32CubeIDE_1.19.0/STM32CubeIDE/plugins/com.st.stm32cube.ide.mcu.externaltools.gnu-tools-for-stm32.13.3.rel1.win32_1.0.0.202411081344/tools/bin/../lib/gcc/arm-none-eabi/13.3.1/../../../../arm-none-eabi/lib/thumb/v7e-m+fp/hard\libc_nano.a(libc_a-memcpy-stub.o)
                0x08002c08                memcpy
 *(.glue_7)
 .glue_7        0x08002c24        0x0 linker stubs
 *(.glue_7t)
 .glue_7t       0x08002c24        0x0 linker stubs
 *(.eh_frame)
 .eh_frame      0x08002c24        0x0 C:/ST/STM32CubeIDE_1.19.0/STM32CubeIDE/plugins/com.st.stm32cube.ide.mcu.externaltools.gnu-tools-for-stm32.13.3.rel1.win32_1.0.0.202411081344/tools/bin/../lib/gcc/arm-none-eabi/13.3.1/thumb/v7e-m+fp/hard/crtbegin.o
 *(.init)
 .init          0x08002c24        0x4 C:/ST/STM32CubeIDE_1.19.0/STM32CubeIDE/plugins/com.st.stm32cube.ide.mcu.externaltools.gnu-tools-for-stm32.13.3.rel1.win32_1.0.0.202411081344/tools/bin/../lib/gcc/arm-none-eabi/13.3.1/thumb/v7e-m+fp/hard/crti.o
                0x08002c24                _init
 .init          0x08002c28        0x8 C:/ST/STM32CubeIDE_1.19.0/STM32CubeIDE/plugins/com.st.stm32cube.ide.mcu.externaltools.gnu-tools-for-stm32.13.3.rel1.win32_1.0.0.202411081344/tools/bin/../lib/gcc/arm-none-eabi/13.3.1/thumb/v7e-m+fp/hard/crtn.o
 *(.fini)
 .fini          0x08002c30        0x4 C:/ST/STM32CubeIDE_1.19.0/STM32CubeIDE/plugins/com.st.stm32cube.ide.mcu.externaltools.gnu-tools-for-stm32.13.3.rel1.win32_1.0.0.202411081344/tools/bin/../lib/gcc/arm-none-eabi/13.3.1/thumb/v7e-m+fp/hard/crti.o
                0x08002c30                _fini
 .fini          0x08002c34        0x8 C:/ST/STM32CubeIDE_1.19.0/STM32CubeIDE/plugins/com.st.stm32cube.ide.mcu.externaltools.gnu-tools-for-stm32.13.3.rel1.win32_1.0.0.202411081344/tools/bin/../lib/gcc/arm-none-eabi/13.3.1/thumb/v7e-m+fp/hard/crtn.o
                0x08002c3c                        . = ALIGN (0x4)
                0x08002c3c                        _etext = .

.vfp11_veneer   0x08002c3c        0x0
 .vfp11_veneer  0x08002c3c        0x0 linker stubs

.v4_bx          0x08002c3c        0x0
 .v4_bx         0x08002c3c        0x0 linker stubs

.iplt           0x08002c3c        0x0
 .iplt          0x08002c3c        0x0 C:/ST/STM32CubeIDE_1.19.0/STM32CubeIDE/plugins/com.st.stm32cube.ide.mcu.externaltools.gnu-tools-for-stm32.13.3.rel1.win32_1.0.0.202411081344/tools/bin/../lib/gcc/arm-none-eabi/13.3.1/thumb/v7e-m+fp/hard/crtbegin.o

.rodata         0x08002c3c       0x24
                0x08002c3c                        . = ALIGN (0x4)
 *(.rodata)
 .rodata        0x08002c3c        0xf ./App/src/app_main.o
 *fill*         0x08002c4b        0x1 
 .rodata        0x08002c4c        0x5 ./Third_Party/FreeRTOS/tasks.o
 *fill*         0x08002c51        0x3 
 .rodata        0x08002c54        0x8 ./Third_Party/FreeRTOS/timers.o
 *(.rodata*)
 .rodata.uxTopUsedPriority
                0x08002c5c        0x4 ./Third_Party/FreeRTOS/tasks.o
                0x08002c60                        . = ALIGN (0x4)

.ARM.extab      0x08002c60        0x0
                0x08002c60                        . = ALIGN (0x4)
 *(.ARM.extab* .gnu.linkonce.armextab.*)
                0x08002c60                        . = ALIGN (0x4)

.ARM            0x08002c60        0x0
                0x08002c60                        . = ALIGN (0x4)
                0x08002c60                        __exidx_start = .
 *(.ARM.exidx*)
                0x08002c60                        __exidx_end = .
                0x08002c60                        . = ALIGN (0x4)

.preinit_array  0x08002c60        0x0
                0x08002c60                        . = ALIGN (0x4)
                0x08002c60                        PROVIDE (__preinit_array_start = .)
 *(.preinit_array*)
                0x08002c60                        PROVIDE (__preinit_array_end = .)
                0x08002c60                        . = ALIGN (0x4)

.init_array     0x08002c60        0x4
                0x08002c60                        . = ALIGN (0x4)
                0x08002c60                        PROVIDE (__init_array_start = .)
 *(SORT_BY_NAME(.init_array.*))
 *(.init_array*)
 .init_array    0x08002c60        0x4 C:/ST/STM32CubeIDE_1.19.0/STM32CubeIDE/plugins/com.st.stm32cube.ide.mcu.externaltools.gnu-tools-for-stm32.13.3.rel1.win32_1.0.0.202411081344/tools/bin/../lib/gcc/arm-none-eabi/13.3.1/thumb/v7e-m+fp/hard/crtbegin.o
                0x08002c64                        PROVIDE (__init_array_end = .)
                0x08002c64                        . = ALIGN (0x4)

.fini_array     0x08002c64        0x4
                0x08002c64                        . = ALIGN (0x4)
                [!provide]                        PROVIDE (__fini_array_start = .)
 *(SORT_BY_NAME(.fini_array.*))
 *(.fini_array*)
 .fini_array    0x08002c64        0x4 C:/ST/STM32CubeIDE_1.19.0/STM32CubeIDE/plugins/com.st.stm32cube.ide.mcu.externaltools.gnu-tools-for-stm32.13.3.rel1.win32_1.0.0.202411081344/tools/bin/../lib/gcc/arm-none-eabi/13.3.1/thumb/v7e-m+fp/hard/crtbegin.o
                [!provide]                        PROVIDE (__fini_array_end = .)
                0x08002c68                        . = ALIGN (0x4)
                0x08002c68                        _sidata = LOADADDR (.data)

.rel.dyn        0x08002c68        0x0
 .rel.iplt      0x08002c68        0x0 C:/ST/STM32CubeIDE_1.19.0/STM32CubeIDE/plugins/com.st.stm32cube.ide.mcu.externaltools.gnu-tools-for-stm32.13.3.rel1.win32_1.0.0.202411081344/tools/bin/../lib/gcc/arm-none-eabi/13.3.1/thumb/v7e-m+fp/hard/crtbegin.o

.data           0x20000000        0x8 load address 0x08002c68
                0x20000000                        . = ALIGN (0x4)
                0x20000000                        _sdata = .
 *(.data)
 *(.data*)
 .data.upcounter
                0x20000000        0x1 ./App/src/APP_feature.o
                0x20000000                upcounter
 *fill*         0x20000001        0x3 
 .data.uxCriticalNesting
                0x20000004        0x4 ./Third_Party/FreeRTOS/portable/GCC/ARM_CM4F/port.o
 *(.RamFunc)
 *(.RamFunc*)
                0x20000008                        . = ALIGN (0x4)
                0x20000008                        _edata = .
                0x08002c70                        _siccmram = LOADADDR (.ccmram)

.igot.plt       0x20000008        0x0 load address 0x08002c70
 .igot.plt      0x20000008        0x0 C:/ST/STM32CubeIDE_1.19.0/STM32CubeIDE/plugins/com.st.stm32cube.ide.mcu.externaltools.gnu-tools-for-stm32.13.3.rel1.win32_1.0.0.202411081344/tools/bin/../lib/gcc/arm-none-eabi/13.3.1/thumb/v7e-m+fp/hard/crtbegin.o

.ccmram         0x10000000        0x0 load address 0x08002c70
                0x10000000                        . = ALIGN (0x4)
                0x10000000                        _sccmram = .
 *(.ccmram)
 *(.ccmram*)
                0x10000000                        . = ALIGN (0x4)
                0x10000000                        _eccmram = .
                0x10000000                        . = ALIGN (0x4)

.bss            0x20000008     0x17c0
                0x20000008                        _sbss = .
                0x20000008                        __bss_start__ = _sbss
 *(.bss)
 .bss           0x20000008       0x1c C:/ST/STM32CubeIDE_1.19.0/STM32CubeIDE/plugins/com.st.stm32cube.ide.mcu.externaltools.gnu-tools-for-stm32.13.3.rel1.win32_1.0.0.202411081344/tools/bin/../lib/gcc/arm-none-eabi/13.3.1/thumb/v7e-m+fp/hard/crtbegin.o
 *(.bss*)
 .bss.four_s_delay
                0x20000024        0x1 ./Services/src/STM32_NVIC.o
                0x20000024                four_s_delay
 .bss.eight_s_delay
                0x20000025        0x1 ./Services/src/STM32_NVIC.o
                0x20000025                eight_s_delay
 .bss.twelve_s_delay
                0x20000026        0x1 ./Services/src/STM32_NVIC.o
                0x20000026                twelve_s_delay
 *fill*         0x20000027        0x1 
 .bss.pxCurrentTCB
                0x20000028        0x4 ./Third_Party/FreeRTOS/tasks.o
                0x20000028                pxCurrentTCB
 *fill*         0x2000002c        0x4 
 .bss.pxReadyTasksLists
                0x20000030       0x78 ./Third_Party/FreeRTOS/tasks.o
 .bss.xDelayedTaskList1
                0x200000a8       0x18 ./Third_Party/FreeRTOS/tasks.o
 .bss.xDelayedTaskList2
                0x200000c0       0x18 ./Third_Party/FreeRTOS/tasks.o
 .bss.pxDelayedTaskList
                0x200000d8        0x4 ./Third_Party/FreeRTOS/tasks.o
 .bss.pxOverflowDelayedTaskList
                0x200000dc        0x4 ./Third_Party/FreeRTOS/tasks.o
 .bss.xPendingReadyList
                0x200000e0       0x18 ./Third_Party/FreeRTOS/tasks.o
 .bss.xTasksWaitingTermination
                0x200000f8       0x18 ./Third_Party/FreeRTOS/tasks.o
 .bss.uxDeletedTasksWaitingCleanUp
                0x20000110        0x4 ./Third_Party/FreeRTOS/tasks.o
 *fill*         0x20000114        0x4 
 .bss.xSuspendedTaskList
                0x20000118       0x18 ./Third_Party/FreeRTOS/tasks.o
 .bss.uxCurrentNumberOfTasks
                0x20000130        0x4 ./Third_Party/FreeRTOS/tasks.o
 *fill*         0x20000134        0x4 
 .bss.xTickCount
                0x20000138        0x8 ./Third_Party/FreeRTOS/tasks.o
 .bss.uxTopReadyPriority
                0x20000140        0x4 ./Third_Party/FreeRTOS/tasks.o
 .bss.xSchedulerRunning
                0x20000144        0x4 ./Third_Party/FreeRTOS/tasks.o
 .bss.xPendedTicks
                0x20000148        0x8 ./Third_Party/FreeRTOS/tasks.o
 .bss.xYieldPendings
                0x20000150        0x4 ./Third_Party/FreeRTOS/tasks.o
 .bss.xNumOfOverflows
                0x20000154        0x4 ./Third_Party/FreeRTOS/tasks.o
 .bss.uxTaskNumber
                0x20000158        0x4 ./Third_Party/FreeRTOS/tasks.o
 *fill*         0x2000015c        0x4 
 .bss.xNextTaskUnblockTime
                0x20000160        0x8 ./Third_Party/FreeRTOS/tasks.o
 .bss.xIdleTaskHandles
                0x20000168        0x4 ./Third_Party/FreeRTOS/tasks.o
 .bss.uxSchedulerSuspended
                0x2000016c        0x4 ./Third_Party/FreeRTOS/tasks.o
 .bss.xIdleTaskTCB.3
                0x20000170       0x60 ./Third_Party/FreeRTOS/tasks.o
 .bss.uxIdleTaskStack.2
                0x200001d0      0x200 ./Third_Party/FreeRTOS/tasks.o
 .bss.xTimerTaskTCB.1
                0x200003d0       0x60 ./Third_Party/FreeRTOS/tasks.o
 .bss.uxTimerTaskStack.0
                0x20000430      0x200 ./Third_Party/FreeRTOS/tasks.o
 .bss.xActiveTimerList1
                0x20000630       0x18 ./Third_Party/FreeRTOS/timers.o
 .bss.xActiveTimerList2
                0x20000648       0x18 ./Third_Party/FreeRTOS/timers.o
 .bss.pxCurrentTimerList
                0x20000660        0x4 ./Third_Party/FreeRTOS/timers.o
 .bss.pxOverflowTimerList
                0x20000664        0x4 ./Third_Party/FreeRTOS/timers.o
 .bss.xTimerQueue
                0x20000668        0x4 ./Third_Party/FreeRTOS/timers.o
 .bss.xTimerTaskHandle
                0x2000066c        0x4 ./Third_Party/FreeRTOS/timers.o
 .bss.xLastTime.2
                0x20000670        0x8 ./Third_Party/FreeRTOS/timers.o
 .bss.ucStaticTimerQueueStorage.1
                0x20000678       0xf0 ./Third_Party/FreeRTOS/timers.o
 .bss.xStaticTimerQueue.0
                0x20000768       0x50 ./Third_Party/FreeRTOS/timers.o
 .bss.ucMaxSysCallPriority
                0x200007b8        0x1 ./Third_Party/FreeRTOS/portable/GCC/ARM_CM4F/port.o
 *fill*         0x200007b9        0x3 
 .bss.ulMaxPRIGROUPValue
                0x200007bc        0x4 ./Third_Party/FreeRTOS/portable/GCC/ARM_CM4F/port.o
 .bss.ucHeap    0x200007c0     0x1000 ./Third_Party/FreeRTOS/portable/MemMang/heap_1.o
 .bss.xNextFreeByte
                0x200017c0        0x4 ./Third_Party/FreeRTOS/portable/MemMang/heap_1.o
 .bss.pucAlignedHeap.0
                0x200017c4        0x4 ./Third_Party/FreeRTOS/portable/MemMang/heap_1.o
 *(COMMON)
                0x200017c8                        . = ALIGN (0x4)
                0x200017c8                        _ebss = .
                0x200017c8                        __bss_end__ = _ebss

._user_heap_stack
                0x200017c8      0x600
                0x200017c8                        . = ALIGN (0x8)
                [!provide]                        PROVIDE (end = .)
                0x200017c8                        PROVIDE (_end = .)
                0x200019c8                        . = (. + _Min_Heap_Size)
 *fill*         0x200017c8      0x200 
                0x20001dc8                        . = (. + _Min_Stack_Size)
 *fill*         0x200019c8      0x400 
                0x20001dc8                        . = ALIGN (0x8)

/DISCARD/
 libc.a(*)
 libm.a(*)
 libgcc.a(*)

.ARM.attributes
                0x00000000       0x30
 *(.ARM.attributes)
 .ARM.attributes
                0x00000000       0x22 C:/ST/STM32CubeIDE_1.19.0/STM32CubeIDE/plugins/com.st.stm32cube.ide.mcu.externaltools.gnu-tools-for-stm32.13.3.rel1.win32_1.0.0.202411081344/tools/bin/../lib/gcc/arm-none-eabi/13.3.1/thumb/v7e-m+fp/hard/crti.o
 .ARM.attributes
                0x00000022       0x34 C:/ST/STM32CubeIDE_1.19.0/STM32CubeIDE/plugins/com.st.stm32cube.ide.mcu.externaltools.gnu-tools-for-stm32.13.3.rel1.win32_1.0.0.202411081344/tools/bin/../lib/gcc/arm-none-eabi/13.3.1/thumb/v7e-m+fp/hard/crtbegin.o
 .ARM.attributes
                0x00000056       0x34 ./App/src/APP_feature.o
 .ARM.attributes
                0x0000008a       0x34 ./App/src/app_main.o
 .ARM.attributes
                0x000000be       0x34 ./Services/src/STM32_GPIO.o
 .ARM.attributes
                0x000000f2       0x34 ./Services/src/STM32_NVIC.o
 .ARM.attributes
                0x00000126       0x21 ./Startup/startup_stm32f407vgtx.o
 .ARM.attributes
                0x00000147       0x34 ./Third_Party/FreeRTOS/list.o
 .ARM.attributes
                0x0000017b       0x34 ./Third_Party/FreeRTOS/queue.o
 .ARM.attributes
                0x000001af       0x34 ./Third_Party/FreeRTOS/tasks.o
 .ARM.attributes
                0x000001e3       0x34 ./Third_Party/FreeRTOS/timers.o
 .ARM.attributes
                0x00000217       0x34 ./Third_Party/FreeRTOS/portable/GCC/ARM_CM4F/port.o
 .ARM.attributes
                0x0000024b       0x34 ./Third_Party/FreeRTOS/portable/MemMang/heap_1.o
 .ARM.attributes
                0x0000027f       0x34 C:/ST/STM32CubeIDE_1.19.0/STM32CubeIDE/plugins/com.st.stm32cube.ide.mcu.externaltools.gnu-tools-for-stm32.13.3.rel1.win32_1.0.0.202411081344/tools/bin/../lib/gcc/arm-none-eabi/13.3.1/../../../../arm-none-eabi/lib/thumb/v7e-m+fp/hard\libc_nano.a(libc_a-memset.o)
 .ARM.attributes
                0x000002b3       0x34 C:/ST/STM32CubeIDE_1.19.0/STM32CubeIDE/plugins/com.st.stm32cube.ide.mcu.externaltools.gnu-tools-for-stm32.13.3.rel1.win32_1.0.0.202411081344/tools/bin/../lib/gcc/arm-none-eabi/13.3.1/../../../../arm-none-eabi/lib/thumb/v7e-m+fp/hard\libc_nano.a(libc_a-init.o)
 .ARM.attributes
                0x000002e7       0x34 C:/ST/STM32CubeIDE_1.19.0/STM32CubeIDE/plugins/com.st.stm32cube.ide.mcu.externaltools.gnu-tools-for-stm32.13.3.rel1.win32_1.0.0.202411081344/tools/bin/../lib/gcc/arm-none-eabi/13.3.1/../../../../arm-none-eabi/lib/thumb/v7e-m+fp/hard\libc_nano.a(libc_a-memcpy-stub.o)
 .ARM.attributes
                0x0000031b       0x22 C:/ST/STM32CubeIDE_1.19.0/STM32CubeIDE/plugins/com.st.stm32cube.ide.mcu.externaltools.gnu-tools-for-stm32.13.3.rel1.win32_1.0.0.202411081344/tools/bin/../lib/gcc/arm-none-eabi/13.3.1/thumb/v7e-m+fp/hard/crtn.o
OUTPUT(11_Printing_Helloworld_from_2_tasks.elf elf32-littlearm)
LOAD linker stubs
LOAD C:/ST/STM32CubeIDE_1.19.0/STM32CubeIDE/plugins/com.st.stm32cube.ide.mcu.externaltools.gnu-tools-for-stm32.13.3.rel1.win32_1.0.0.202411081344/tools/bin/../lib/gcc/arm-none-eabi/13.3.1/../../../../arm-none-eabi/lib/thumb/v7e-m+fp/hard\libc.a
LOAD C:/ST/STM32CubeIDE_1.19.0/STM32CubeIDE/plugins/com.st.stm32cube.ide.mcu.externaltools.gnu-tools-for-stm32.13.3.rel1.win32_1.0.0.202411081344/tools/bin/../lib/gcc/arm-none-eabi/13.3.1/../../../../arm-none-eabi/lib/thumb/v7e-m+fp/hard\libm.a
LOAD C:/ST/STM32CubeIDE_1.19.0/STM32CubeIDE/plugins/com.st.stm32cube.ide.mcu.externaltools.gnu-tools-for-stm32.13.3.rel1.win32_1.0.0.202411081344/tools/bin/../lib/gcc/arm-none-eabi/13.3.1/thumb/v7e-m+fp/hard\libgcc.a

.debug_info     0x00000000     0x6c6d
 .debug_info    0x00000000      0x1d3 ./App/src/APP_feature.o
 .debug_info    0x000001d3      0x2bc ./App/src/app_main.o
 .debug_info    0x0000048f      0x385 ./Services/src/STM32_GPIO.o
 .debug_info    0x00000814      0x37f ./Services/src/STM32_NVIC.o
 .debug_info    0x00000b93       0x30 ./Startup/startup_stm32f407vgtx.o
 .debug_info    0x00000bc3      0x2aa ./Third_Party/FreeRTOS/list.o
 .debug_info    0x00000e6d     0x1a5b ./Third_Party/FreeRTOS/queue.o
 .debug_info    0x000028c8     0x28db ./Third_Party/FreeRTOS/tasks.o
 .debug_info    0x000051a3     0x1393 ./Third_Party/FreeRTOS/timers.o
 .debug_info    0x00006536      0x54c ./Third_Party/FreeRTOS/portable/GCC/ARM_CM4F/port.o
 .debug_info    0x00006a82      0x1eb ./Third_Party/FreeRTOS/portable/MemMang/heap_1.o

.debug_abbrev   0x00000000     0x130e
 .debug_abbrev  0x00000000       0x9d ./App/src/APP_feature.o
 .debug_abbrev  0x0000009d      0x193 ./App/src/app_main.o
 .debug_abbrev  0x00000230       0xe2 ./Services/src/STM32_GPIO.o
 .debug_abbrev  0x00000312      0x138 ./Services/src/STM32_NVIC.o
 .debug_abbrev  0x0000044a       0x24 ./Startup/startup_stm32f407vgtx.o
 .debug_abbrev  0x0000046e       0xee ./Third_Party/FreeRTOS/list.o
 .debug_abbrev  0x0000055c      0x344 ./Third_Party/FreeRTOS/queue.o
 .debug_abbrev  0x000008a0      0x387 ./Third_Party/FreeRTOS/tasks.o
 .debug_abbrev  0x00000c27      0x351 ./Third_Party/FreeRTOS/timers.o
 .debug_abbrev  0x00000f78      0x235 ./Third_Party/FreeRTOS/portable/GCC/ARM_CM4F/port.o
 .debug_abbrev  0x000011ad      0x161 ./Third_Party/FreeRTOS/portable/MemMang/heap_1.o

.debug_aranges  0x00000000      0x630
 .debug_aranges
                0x00000000       0x20 ./App/src/APP_feature.o
 .debug_aranges
                0x00000020       0x48 ./App/src/app_main.o
 .debug_aranges
                0x00000068       0x30 ./Services/src/STM32_GPIO.o
 .debug_aranges
                0x00000098       0x30 ./Services/src/STM32_NVIC.o
 .debug_aranges
                0x000000c8       0x28 ./Startup/startup_stm32f407vgtx.o
 .debug_aranges
                0x000000f0       0x40 ./Third_Party/FreeRTOS/list.o
 .debug_aranges
                0x00000130      0x130 ./Third_Party/FreeRTOS/queue.o
 .debug_aranges
                0x00000260      0x218 ./Third_Party/FreeRTOS/tasks.o
 .debug_aranges
                0x00000478       0xf8 ./Third_Party/FreeRTOS/timers.o
 .debug_aranges
                0x00000570       0x80 ./Third_Party/FreeRTOS/portable/GCC/ARM_CM4F/port.o
 .debug_aranges
                0x000005f0       0x40 ./Third_Party/FreeRTOS/portable/MemMang/heap_1.o

.debug_rnglists
                0x00000000      0x4ba
 .debug_rnglists
                0x00000000       0x14 ./App/src/APP_feature.o
 .debug_rnglists
                0x00000014       0x31 ./App/src/app_main.o
 .debug_rnglists
                0x00000045       0x21 ./Services/src/STM32_GPIO.o
 .debug_rnglists
                0x00000066       0x20 ./Services/src/STM32_NVIC.o
 .debug_rnglists
                0x00000086       0x19 ./Startup/startup_stm32f407vgtx.o
 .debug_rnglists
                0x0000009f       0x2c ./Third_Party/FreeRTOS/list.o
 .debug_rnglists
                0x000000cb       0xed ./Third_Party/FreeRTOS/queue.o
 .debug_rnglists
                0x000001b8      0x1bd ./Third_Party/FreeRTOS/tasks.o
 .debug_rnglists
                0x00000375       0xbc ./Third_Party/FreeRTOS/timers.o
 .debug_rnglists
                0x00000431       0x5d ./Third_Party/FreeRTOS/portable/GCC/ARM_CM4F/port.o
 .debug_rnglists
                0x0000048e       0x2c ./Third_Party/FreeRTOS/portable/MemMang/heap_1.o

.debug_macro    0x00000000     0x3b21
 .debug_macro   0x00000000       0xec ./App/src/APP_feature.o
 .debug_macro   0x000000ec      0xae4 ./App/src/APP_feature.o
 .debug_macro   0x00000bd0       0x22 ./App/src/APP_feature.o
 .debug_macro   0x00000bf2       0x8e ./App/src/APP_feature.o
 .debug_macro   0x00000c80       0x51 ./App/src/APP_feature.o
 .debug_macro   0x00000cd1      0x103 ./App/src/APP_feature.o
 .debug_macro   0x00000dd4       0x6a ./App/src/APP_feature.o
 .debug_macro   0x00000e3e      0x1df ./App/src/APP_feature.o
 .debug_macro   0x0000101d       0x58 ./App/src/APP_feature.o
 .debug_macro   0x00001075       0xca ./App/src/APP_feature.o
 .debug_macro   0x0000113f       0x40 ./App/src/APP_feature.o
 .debug_macro   0x0000117f       0x2e ./App/src/APP_feature.o
 .debug_macro   0x000011ad       0x7c ./App/src/APP_feature.o
 .debug_macro   0x00001229       0x10 ./App/src/APP_feature.o
 .debug_macro   0x00001239       0x22 ./App/src/APP_feature.o
 .debug_macro   0x0000125b       0x22 ./App/src/APP_feature.o
 .debug_macro   0x0000127d       0x16 ./App/src/APP_feature.o
 .debug_macro   0x00001293      0x18e ./App/src/app_main.o
 .debug_macro   0x00001421      0x190 ./App/src/app_main.o
 .debug_macro   0x000015b1       0x16 ./App/src/app_main.o
 .debug_macro   0x000015c7      0x29a ./App/src/app_main.o
 .debug_macro   0x00001861      0x182 ./App/src/app_main.o
 .debug_macro   0x000019e3       0xcc ./App/src/app_main.o
 .debug_macro   0x00001aaf       0x22 ./App/src/app_main.o
 .debug_macro   0x00001ad1       0x1f ./App/src/app_main.o
 .debug_macro   0x00001af0       0x12 ./App/src/app_main.o
 .debug_macro   0x00001b02      0xf37 ./App/src/app_main.o
 .debug_macro   0x00002a39       0xc3 ./App/src/app_main.o
 .debug_macro   0x00002afc      0x14f ./App/src/app_main.o
 .debug_macro   0x00002c4b       0x16 ./App/src/app_main.o
 .debug_macro   0x00002c61       0x7b ./Services/src/STM32_GPIO.o
 .debug_macro   0x00002cdc       0x9d ./Services/src/STM32_NVIC.o
 .debug_macro   0x00002d79       0x28 ./Services/src/STM32_NVIC.o
 .debug_macro   0x00002da1      0x1a3 ./Third_Party/FreeRTOS/list.o
 .debug_macro   0x00002f44      0x23a ./Third_Party/FreeRTOS/queue.o
 .debug_macro   0x0000317e       0x16 ./Third_Party/FreeRTOS/queue.o
 .debug_macro   0x00003194       0x20 ./Third_Party/FreeRTOS/queue.o
 .debug_macro   0x000031b4       0x8e ./Third_Party/FreeRTOS/queue.o
 .debug_macro   0x00003242      0x2c7 ./Third_Party/FreeRTOS/tasks.o
 .debug_macro   0x00003509      0x1f2 ./Third_Party/FreeRTOS/timers.o
 .debug_macro   0x000036fb       0x9e ./Third_Party/FreeRTOS/timers.o
 .debug_macro   0x00003799      0x1d0 ./Third_Party/FreeRTOS/portable/GCC/ARM_CM4F/port.o
 .debug_macro   0x00003969      0x1b8 ./Third_Party/FreeRTOS/portable/MemMang/heap_1.o

.debug_line     0x00000000     0x76df
 .debug_line    0x00000000      0x5c2 ./App/src/APP_feature.o
 .debug_line    0x000005c2      0x7b3 ./App/src/app_main.o
 .debug_line    0x00000d75      0x645 ./Services/src/STM32_GPIO.o
 .debug_line    0x000013ba      0x5bc ./Services/src/STM32_NVIC.o
 .debug_line    0x00001976       0x7b ./Startup/startup_stm32f407vgtx.o
 .debug_line    0x000019f1      0x7f6 ./Third_Party/FreeRTOS/list.o
 .debug_line    0x000021e7     0x16dd ./Third_Party/FreeRTOS/queue.o
 .debug_line    0x000038c4     0x1f3c ./Third_Party/FreeRTOS/tasks.o
 .debug_line    0x00005800      0xe2f ./Third_Party/FreeRTOS/timers.o
 .debug_line    0x0000662f      0x8ee ./Third_Party/FreeRTOS/portable/GCC/ARM_CM4F/port.o
 .debug_line    0x00006f1d      0x7c2 ./Third_Party/FreeRTOS/portable/MemMang/heap_1.o

.debug_str      0x00000000    0x172b9
 .debug_str     0x00000000    0x172b9 ./App/src/APP_feature.o
                               0x4a7b (size before relaxing)
 .debug_str     0x000172b9     0xf7aa ./App/src/app_main.o
 .debug_str     0x000172b9     0x44a9 ./Services/src/STM32_GPIO.o
 .debug_str     0x000172b9     0x468b ./Services/src/STM32_NVIC.o
 .debug_str     0x000172b9       0x98 ./Startup/startup_stm32f407vgtx.o
 .debug_str     0x000172b9    0x10857 ./Third_Party/FreeRTOS/list.o
 .debug_str     0x000172b9    0x13399 ./Third_Party/FreeRTOS/queue.o
 .debug_str     0x000172b9    0x142cc ./Third_Party/FreeRTOS/tasks.o
 .debug_str     0x000172b9    0x137d8 ./Third_Party/FreeRTOS/timers.o
 .debug_str     0x000172b9     0xf2e6 ./Third_Party/FreeRTOS/portable/GCC/ARM_CM4F/port.o
 .debug_str     0x000172b9    0x11cc7 ./Third_Party/FreeRTOS/portable/MemMang/heap_1.o

.comment        0x00000000       0x43
 .comment       0x00000000       0x43 ./App/src/APP_feature.o
                                 0x44 (size before relaxing)
 .comment       0x00000043       0x44 ./App/src/app_main.o
 .comment       0x00000043       0x44 ./Services/src/STM32_GPIO.o
 .comment       0x00000043       0x44 ./Services/src/STM32_NVIC.o
 .comment       0x00000043       0x44 ./Third_Party/FreeRTOS/list.o
 .comment       0x00000043       0x44 ./Third_Party/FreeRTOS/queue.o
 .comment       0x00000043       0x44 ./Third_Party/FreeRTOS/tasks.o
 .comment       0x00000043       0x44 ./Third_Party/FreeRTOS/timers.o
 .comment       0x00000043       0x44 ./Third_Party/FreeRTOS/portable/GCC/ARM_CM4F/port.o
 .comment       0x00000043       0x44 ./Third_Party/FreeRTOS/portable/MemMang/heap_1.o

.debug_frame    0x00000000     0x1898
 .debug_frame   0x00000000       0x30 ./App/src/APP_feature.o
 .debug_frame   0x00000030       0xcc ./App/src/app_main.o
 .debug_frame   0x000000fc       0x88 ./Services/src/STM32_GPIO.o
 .debug_frame   0x00000184       0x70 ./Services/src/STM32_NVIC.o
 .debug_frame   0x000001f4       0xd8 ./Third_Party/FreeRTOS/list.o
 .debug_frame   0x000002cc      0x528 ./Third_Party/FreeRTOS/queue.o
 .debug_frame   0x000007f4      0x994 ./Third_Party/FreeRTOS/tasks.o
 .debug_frame   0x00001188      0x438 ./Third_Party/FreeRTOS/timers.o
 .debug_frame   0x000015c0      0x1a8 ./Third_Party/FreeRTOS/portable/GCC/ARM_CM4F/port.o
 .debug_frame   0x00001768       0xbc ./Third_Party/FreeRTOS/portable/MemMang/heap_1.o
 .debug_frame   0x00001824       0x20 C:/ST/STM32CubeIDE_1.19.0/STM32CubeIDE/plugins/com.st.stm32cube.ide.mcu.externaltools.gnu-tools-for-stm32.13.3.rel1.win32_1.0.0.202411081344/tools/bin/../lib/gcc/arm-none-eabi/13.3.1/../../../../arm-none-eabi/lib/thumb/v7e-m+fp/hard\libc_nano.a(libc_a-memset.o)
 .debug_frame   0x00001844       0x2c C:/ST/STM32CubeIDE_1.19.0/STM32CubeIDE/plugins/com.st.stm32cube.ide.mcu.externaltools.gnu-tools-for-stm32.13.3.rel1.win32_1.0.0.202411081344/tools/bin/../lib/gcc/arm-none-eabi/13.3.1/../../../../arm-none-eabi/lib/thumb/v7e-m+fp/hard\libc_nano.a(libc_a-init.o)
 .debug_frame   0x00001870       0x28 C:/ST/STM32CubeIDE_1.19.0/STM32CubeIDE/plugins/com.st.stm32cube.ide.mcu.externaltools.gnu-tools-for-stm32.13.3.rel1.win32_1.0.0.202411081344/tools/bin/../lib/gcc/arm-none-eabi/13.3.1/../../../../arm-none-eabi/lib/thumb/v7e-m+fp/hard\libc_nano.a(libc_a-memcpy-stub.o)

.debug_line_str
                0x00000000       0x7c
 .debug_line_str
                0x00000000       0x7c ./Startup/startup_stm32f407vgtx.o
