../Services/src/STM32_GPIO.c:12:6:gpio_pin_set_mode	16	static
../Services/src/STM32_GPIO.c:21:6:gpio_output_operations	16	static
../Services/src/STM32_GPIO.c:37:6:gpio_set_alternate_function	16	static
../Services/src/STM32_GPIO.c:51:6:gpio_set_output_type	16	static
../Services/src/STM32_GPIO.c:58:6:gpio_set_output_speed	16	static
../Services/src/STM32_GPIO.c:65:6:gpio_set_pullup_pulldown	16	static
../Services/src/STM32_GPIO.c:72:6:gpio_spi1_config	8	static
../Services/src/STM32_GPIO.c:100:6:gpio_i2c_config	8	static
