18:08:01 **** Incremental Build of configuration Debug for project I2C_BMP280 ****
make -j12 all 
arm-none-eabi-gcc "../Services/src/STM32_ADC.c" -mcpu=cortex-m4 -std=gnu11 -g3 -DDEBUG -DSTM32 -DSTM32F407G_DISC1 -DSTM32F4 -DSTM32F407VGTx -c -I../Inc -I"D:/Anas_Embedded system/STM32_Activities/Codes/I2C_BMP280/App/inc" -I"D:/Anas_Embedded system/STM32_Activities/Codes/I2C_BMP280/Services/inc" -O0 -ffunction-sections -fdata-sections -Wall -fstack-usage -fcyclomatic-complexity -MMD -MP -MF"Services/src/STM32_ADC.d" -MT"Services/src/STM32_ADC.o" --specs=nano.specs -mfpu=fpv4-sp-d16 -mfloat-abi=hard -mthumb -o "Services/src/STM32_ADC.o"
arm-none-eabi-gcc "../Services/src/STM32_GPIO.c" -mcpu=cortex-m4 -std=gnu11 -g3 -DDEBUG -DSTM32 -DSTM32F407G_DISC1 -DSTM32F4 -DSTM32F407VGTx -c -I../Inc -I"D:/Anas_Embedded system/STM32_Activities/Codes/I2C_BMP280/App/inc" -I"D:/Anas_Embedded system/STM32_Activities/Codes/I2C_BMP280/Services/inc" -O0 -ffunction-sections -fdata-sections -Wall -fstack-usage -fcyclomatic-complexity -MMD -MP -MF"Services/src/STM32_GPIO.d" -MT"Services/src/STM32_GPIO.o" --specs=nano.specs -mfpu=fpv4-sp-d16 -mfloat-abi=hard -mthumb -o "Services/src/STM32_GPIO.o"
arm-none-eabi-gcc "../Services/src/STM32_NVIC.c" -mcpu=cortex-m4 -std=gnu11 -g3 -DDEBUG -DSTM32 -DSTM32F407G_DISC1 -DSTM32F4 -DSTM32F407VGTx -c -I../Inc -I"D:/Anas_Embedded system/STM32_Activities/Codes/I2C_BMP280/App/inc" -I"D:/Anas_Embedded system/STM32_Activities/Codes/I2C_BMP280/Services/inc" -O0 -ffunction-sections -fdata-sections -Wall -fstack-usage -fcyclomatic-complexity -MMD -MP -MF"Services/src/STM32_NVIC.d" -MT"Services/src/STM32_NVIC.o" --specs=nano.specs -mfpu=fpv4-sp-d16 -mfloat-abi=hard -mthumb -o "Services/src/STM32_NVIC.o"
arm-none-eabi-gcc "../Services/src/STM32_RCC.c" -mcpu=cortex-m4 -std=gnu11 -g3 -DDEBUG -DSTM32 -DSTM32F407G_DISC1 -DSTM32F4 -DSTM32F407VGTx -c -I../Inc -I"D:/Anas_Embedded system/STM32_Activities/Codes/I2C_BMP280/App/inc" -I"D:/Anas_Embedded system/STM32_Activities/Codes/I2C_BMP280/Services/inc" -O0 -ffunction-sections -fdata-sections -Wall -fstack-usage -fcyclomatic-complexity -MMD -MP -MF"Services/src/STM32_RCC.d" -MT"Services/src/STM32_RCC.o" --specs=nano.specs -mfpu=fpv4-sp-d16 -mfloat-abi=hard -mthumb -o "Services/src/STM32_RCC.o"
arm-none-eabi-gcc "../Services/src/STM32_UART.c" -mcpu=cortex-m4 -std=gnu11 -g3 -DDEBUG -DSTM32 -DSTM32F407G_DISC1 -DSTM32F4 -DSTM32F407VGTx -c -I../Inc -I"D:/Anas_Embedded system/STM32_Activities/Codes/I2C_BMP280/App/inc" -I"D:/Anas_Embedded system/STM32_Activities/Codes/I2C_BMP280/Services/inc" -O0 -ffunction-sections -fdata-sections -Wall -fstack-usage -fcyclomatic-complexity -MMD -MP -MF"Services/src/STM32_UART.d" -MT"Services/src/STM32_UART.o" --specs=nano.specs -mfpu=fpv4-sp-d16 -mfloat-abi=hard -mthumb -o "Services/src/STM32_UART.o"
arm-none-eabi-gcc "../App/src/APP_feature.c" -mcpu=cortex-m4 -std=gnu11 -g3 -DDEBUG -DSTM32 -DSTM32F407G_DISC1 -DSTM32F4 -DSTM32F407VGTx -c -I../Inc -I"D:/Anas_Embedded system/STM32_Activities/Codes/I2C_BMP280/App/inc" -I"D:/Anas_Embedded system/STM32_Activities/Codes/I2C_BMP280/Services/inc" -O0 -ffunction-sections -fdata-sections -Wall -fstack-usage -fcyclomatic-complexity -MMD -MP -MF"App/src/APP_feature.d" -MT"App/src/APP_feature.o" --specs=nano.specs -mfpu=fpv4-sp-d16 -mfloat-abi=hard -mthumb -o "App/src/APP_feature.o"
arm-none-eabi-gcc "../App/src/app_main.c" -mcpu=cortex-m4 -std=gnu11 -g3 -DDEBUG -DSTM32 -DSTM32F407G_DISC1 -DSTM32F4 -DSTM32F407VGTx -c -I../Inc -I"D:/Anas_Embedded system/STM32_Activities/Codes/I2C_BMP280/App/inc" -I"D:/Anas_Embedded system/STM32_Activities/Codes/I2C_BMP280/Services/inc" -O0 -ffunction-sections -fdata-sections -Wall -fstack-usage -fcyclomatic-complexity -MMD -MP -MF"App/src/app_main.d" -MT"App/src/app_main.o" --specs=nano.specs -mfpu=fpv4-sp-d16 -mfloat-abi=hard -mthumb -o "App/src/app_main.o"
../App/src/app_main.c:25:4: warning: #warning "FPU is not initialized, but the project is compiling for an FPU. Please initialize the FPU before use." [-Wcpp]
   25 |   #warning "FPU is not initialized, but the project is compiling for an FPU. Please initialize the FPU before use."
      |    ^~~~~~~
../Services/src/STM32_UART.c: In function 'uart2_init':
../Services/src/STM32_UART.c:16:9: warning: implicit declaration of function 'pin_init' [-Wimplicit-function-declaration]
   16 |         pin_init(2,PIN_ALTERNATE_FUNCTION,PORTA);
      |         ^~~~~~~~
arm-none-eabi-gcc -o "I2C_BMP280.elf" @"objects.list"   -mcpu=cortex-m4 -T"D:\Anas_Embedded system\STM32_Activities\Codes\I2C_BMP280\STM32F407VGTX_FLASH.ld" --specs=nosys.specs -Wl,-Map="I2C_BMP280.map" -Wl,--gc-sections -static --specs=nano.specs -mfpu=fpv4-sp-d16 -mfloat-abi=hard -mthumb -Wl,--start-group -lc -lm -Wl,--end-group
Finished building target: I2C_BMP280.elf
 
arm-none-eabi-size  I2C_BMP280.elf 
arm-none-eabi-objdump -h -S I2C_BMP280.elf  > "I2C_BMP280.list"
   text	   data	    bss	    dec	    hex	filename
   1740	      4	   1572	   3316	    cf4	I2C_BMP280.elf
Finished building: default.size.stdout
 
Finished building: I2C_BMP280.list
 

18:08:01 Build Finished. 0 errors, 2 warnings. (took 776ms)

