12:20:55 **** Build of configuration Debug for project UART_basic_printing ****
make -j12 all 
arm-none-eabi-gcc -mcpu=cortex-m4 -g3 -DDEBUG -c -x assembler-with-cpp -MMD -MP -MF"Startup/startup_stm32f407vgtx.d" -MT"Startup/startup_stm32f407vgtx.o" --specs=nano.specs -mfpu=fpv4-sp-d16 -mfloat-abi=hard -mthumb -o "Startup/startup_stm32f407vgtx.o" "../Startup/startup_stm32f407vgtx.s"
arm-none-eabi-gcc "../Src/syscalls.c" -mcpu=cortex-m4 -std=gnu11 -g3 -DDEBUG -DSTM32 -DSTM32F407G_DISC1 -DSTM32F4 -DSTM32F407VGTx -c -I../Inc -I"D:/Anas_Embedded system/STM32_Activities/Codes/UART_basic_printing/Services/inc" -I"D:/Anas_Embedded system/STM32_Activities/Codes/UART_basic_printing/App/inc" -O0 -ffunction-sections -fdata-sections -Wall -fstack-usage -fcyclomatic-complexity -MMD -MP -MF"Src/syscalls.d" -MT"Src/syscalls.o" --specs=nano.specs -mfpu=fpv4-sp-d16 -mfloat-abi=hard -mthumb -o "Src/syscalls.o"
arm-none-eabi-gcc "../Src/sysmem.c" -mcpu=cortex-m4 -std=gnu11 -g3 -DDEBUG -DSTM32 -DSTM32F407G_DISC1 -DSTM32F4 -DSTM32F407VGTx -c -I../Inc -I"D:/Anas_Embedded system/STM32_Activities/Codes/UART_basic_printing/Services/inc" -I"D:/Anas_Embedded system/STM32_Activities/Codes/UART_basic_printing/App/inc" -O0 -ffunction-sections -fdata-sections -Wall -fstack-usage -fcyclomatic-complexity -MMD -MP -MF"Src/sysmem.d" -MT"Src/sysmem.o" --specs=nano.specs -mfpu=fpv4-sp-d16 -mfloat-abi=hard -mthumb -o "Src/sysmem.o"
arm-none-eabi-gcc "../Services/src/M4_FPU.c" -mcpu=cortex-m4 -std=gnu11 -g3 -DDEBUG -DSTM32 -DSTM32F407G_DISC1 -DSTM32F4 -DSTM32F407VGTx -c -I../Inc -I"D:/Anas_Embedded system/STM32_Activities/Codes/UART_basic_printing/Services/inc" -I"D:/Anas_Embedded system/STM32_Activities/Codes/UART_basic_printing/App/inc" -O0 -ffunction-sections -fdata-sections -Wall -fstack-usage -fcyclomatic-complexity -MMD -MP -MF"Services/src/M4_FPU.d" -MT"Services/src/M4_FPU.o" --specs=nano.specs -mfpu=fpv4-sp-d16 -mfloat-abi=hard -mthumb -o "Services/src/M4_FPU.o"
arm-none-eabi-gcc "../Services/src/M4_SysTick.c" -mcpu=cortex-m4 -std=gnu11 -g3 -DDEBUG -DSTM32 -DSTM32F407G_DISC1 -DSTM32F4 -DSTM32F407VGTx -c -I../Inc -I"D:/Anas_Embedded system/STM32_Activities/Codes/UART_basic_printing/Services/inc" -I"D:/Anas_Embedded system/STM32_Activities/Codes/UART_basic_printing/App/inc" -O0 -ffunction-sections -fdata-sections -Wall -fstack-usage -fcyclomatic-complexity -MMD -MP -MF"Services/src/M4_SysTick.d" -MT"Services/src/M4_SysTick.o" --specs=nano.specs -mfpu=fpv4-sp-d16 -mfloat-abi=hard -mthumb -o "Services/src/M4_SysTick.o"
arm-none-eabi-gcc "../Services/src/STM32_ADC.c" -mcpu=cortex-m4 -std=gnu11 -g3 -DDEBUG -DSTM32 -DSTM32F407G_DISC1 -DSTM32F4 -DSTM32F407VGTx -c -I../Inc -I"D:/Anas_Embedded system/STM32_Activities/Codes/UART_basic_printing/Services/inc" -I"D:/Anas_Embedded system/STM32_Activities/Codes/UART_basic_printing/App/inc" -O0 -ffunction-sections -fdata-sections -Wall -fstack-usage -fcyclomatic-complexity -MMD -MP -MF"Services/src/STM32_ADC.d" -MT"Services/src/STM32_ADC.o" --specs=nano.specs -mfpu=fpv4-sp-d16 -mfloat-abi=hard -mthumb -o "Services/src/STM32_ADC.o"
arm-none-eabi-gcc "../Services/src/STM32_DBGMCU.c" -mcpu=cortex-m4 -std=gnu11 -g3 -DDEBUG -DSTM32 -DSTM32F407G_DISC1 -DSTM32F4 -DSTM32F407VGTx -c -I../Inc -I"D:/Anas_Embedded system/STM32_Activities/Codes/UART_basic_printing/Services/inc" -I"D:/Anas_Embedded system/STM32_Activities/Codes/UART_basic_printing/App/inc" -O0 -ffunction-sections -fdata-sections -Wall -fstack-usage -fcyclomatic-complexity -MMD -MP -MF"Services/src/STM32_DBGMCU.d" -MT"Services/src/STM32_DBGMCU.o" --specs=nano.specs -mfpu=fpv4-sp-d16 -mfloat-abi=hard -mthumb -o "Services/src/STM32_DBGMCU.o"
arm-none-eabi-gcc "../Services/src/STM32_GPIO.c" -mcpu=cortex-m4 -std=gnu11 -g3 -DDEBUG -DSTM32 -DSTM32F407G_DISC1 -DSTM32F4 -DSTM32F407VGTx -c -I../Inc -I"D:/Anas_Embedded system/STM32_Activities/Codes/UART_basic_printing/Services/inc" -I"D:/Anas_Embedded system/STM32_Activities/Codes/UART_basic_printing/App/inc" -O0 -ffunction-sections -fdata-sections -Wall -fstack-usage -fcyclomatic-complexity -MMD -MP -MF"Services/src/STM32_GPIO.d" -MT"Services/src/STM32_GPIO.o" --specs=nano.specs -mfpu=fpv4-sp-d16 -mfloat-abi=hard -mthumb -o "Services/src/STM32_GPIO.o"
arm-none-eabi-gcc "../Services/src/STM32_GPT.c" -mcpu=cortex-m4 -std=gnu11 -g3 -DDEBUG -DSTM32 -DSTM32F407G_DISC1 -DSTM32F4 -DSTM32F407VGTx -c -I../Inc -I"D:/Anas_Embedded system/STM32_Activities/Codes/UART_basic_printing/Services/inc" -I"D:/Anas_Embedded system/STM32_Activities/Codes/UART_basic_printing/App/inc" -O0 -ffunction-sections -fdata-sections -Wall -fstack-usage -fcyclomatic-complexity -MMD -MP -MF"Services/src/STM32_GPT.d" -MT"Services/src/STM32_GPT.o" --specs=nano.specs -mfpu=fpv4-sp-d16 -mfloat-abi=hard -mthumb -o "Services/src/STM32_GPT.o"
arm-none-eabi-gcc "../Services/src/STM32_IWDG.c" -mcpu=cortex-m4 -std=gnu11 -g3 -DDEBUG -DSTM32 -DSTM32F407G_DISC1 -DSTM32F4 -DSTM32F407VGTx -c -I../Inc -I"D:/Anas_Embedded system/STM32_Activities/Codes/UART_basic_printing/Services/inc" -I"D:/Anas_Embedded system/STM32_Activities/Codes/UART_basic_printing/App/inc" -O0 -ffunction-sections -fdata-sections -Wall -fstack-usage -fcyclomatic-complexity -MMD -MP -MF"Services/src/STM32_IWDG.d" -MT"Services/src/STM32_IWDG.o" --specs=nano.specs -mfpu=fpv4-sp-d16 -mfloat-abi=hard -mthumb -o "Services/src/STM32_IWDG.o"
arm-none-eabi-gcc "../Services/src/STM32_NVIC.c" -mcpu=cortex-m4 -std=gnu11 -g3 -DDEBUG -DSTM32 -DSTM32F407G_DISC1 -DSTM32F4 -DSTM32F407VGTx -c -I../Inc -I"D:/Anas_Embedded system/STM32_Activities/Codes/UART_basic_printing/Services/inc" -I"D:/Anas_Embedded system/STM32_Activities/Codes/UART_basic_printing/App/inc" -O0 -ffunction-sections -fdata-sections -Wall -fstack-usage -fcyclomatic-complexity -MMD -MP -MF"Services/src/STM32_NVIC.d" -MT"Services/src/STM32_NVIC.o" --specs=nano.specs -mfpu=fpv4-sp-d16 -mfloat-abi=hard -mthumb -o "Services/src/STM32_NVIC.o"
arm-none-eabi-gcc "../Services/src/STM32_RCC.c" -mcpu=cortex-m4 -std=gnu11 -g3 -DDEBUG -DSTM32 -DSTM32F407G_DISC1 -DSTM32F4 -DSTM32F407VGTx -c -I../Inc -I"D:/Anas_Embedded system/STM32_Activities/Codes/UART_basic_printing/Services/inc" -I"D:/Anas_Embedded system/STM32_Activities/Codes/UART_basic_printing/App/inc" -O0 -ffunction-sections -fdata-sections -Wall -fstack-usage -fcyclomatic-complexity -MMD -MP -MF"Services/src/STM32_RCC.d" -MT"Services/src/STM32_RCC.o" --specs=nano.specs -mfpu=fpv4-sp-d16 -mfloat-abi=hard -mthumb -o "Services/src/STM32_RCC.o"
arm-none-eabi-gcc "../Services/src/STM32_UART.c" -mcpu=cortex-m4 -std=gnu11 -g3 -DDEBUG -DSTM32 -DSTM32F407G_DISC1 -DSTM32F4 -DSTM32F407VGTx -c -I../Inc -I"D:/Anas_Embedded system/STM32_Activities/Codes/UART_basic_printing/Services/inc" -I"D:/Anas_Embedded system/STM32_Activities/Codes/UART_basic_printing/App/inc" -O0 -ffunction-sections -fdata-sections -Wall -fstack-usage -fcyclomatic-complexity -MMD -MP -MF"Services/src/STM32_UART.d" -MT"Services/src/STM32_UART.o" --specs=nano.specs -mfpu=fpv4-sp-d16 -mfloat-abi=hard -mthumb -o "Services/src/STM32_UART.o"
../Services/src/STM32_IWDG.c: In function 'init_independent_watchdog':
../Services/src/STM32_IWDG.c:17:9: warning: implicit declaration of function 'LSI_clock_enable'; did you mean 'adc_clock_enable'? [-Wimplicit-function-declaration]
   17 |         LSI_clock_enable();
      |         ^~~~~~~~~~~~~~~~
      |         adc_clock_enable
arm-none-eabi-gcc "../App/src/APP_feature.c" -mcpu=cortex-m4 -std=gnu11 -g3 -DDEBUG -DSTM32 -DSTM32F407G_DISC1 -DSTM32F4 -DSTM32F407VGTx -c -I../Inc -I"D:/Anas_Embedded system/STM32_Activities/Codes/UART_basic_printing/Services/inc" -I"D:/Anas_Embedded system/STM32_Activities/Codes/UART_basic_printing/App/inc" -O0 -ffunction-sections -fdata-sections -Wall -fstack-usage -fcyclomatic-complexity -MMD -MP -MF"App/src/APP_feature.d" -MT"App/src/APP_feature.o" --specs=nano.specs -mfpu=fpv4-sp-d16 -mfloat-abi=hard -mthumb -o "App/src/APP_feature.o"
arm-none-eabi-gcc "../App/src/app_main.c" -mcpu=cortex-m4 -std=gnu11 -g3 -DDEBUG -DSTM32 -DSTM32F407G_DISC1 -DSTM32F4 -DSTM32F407VGTx -c -I../Inc -I"D:/Anas_Embedded system/STM32_Activities/Codes/UART_basic_printing/Services/inc" -I"D:/Anas_Embedded system/STM32_Activities/Codes/UART_basic_printing/App/inc" -O0 -ffunction-sections -fdata-sections -Wall -fstack-usage -fcyclomatic-complexity -MMD -MP -MF"App/src/app_main.d" -MT"App/src/app_main.o" --specs=nano.specs -mfpu=fpv4-sp-d16 -mfloat-abi=hard -mthumb -o "App/src/app_main.o"
../App/src/app_main.c:25:4: warning: #warning "FPU is not initialized, but the project is compiling for an FPU. Please initialize the FPU before use." [-Wcpp]
   25 |   #warning "FPU is not initialized, but the project is compiling for an FPU. Please initialize the FPU before use."
      |    ^~~~~~~
arm-none-eabi-gcc -o "UART_basic_printing.elf" @"objects.list"   -mcpu=cortex-m4 -T"D:\Anas_Embedded system\STM32_Activities\Codes\UART_basic_printing\STM32F407VGTX_FLASH.ld" --specs=nosys.specs -Wl,-Map="UART_basic_printing.map" -Wl,--gc-sections -static --specs=nano.specs -mfpu=fpv4-sp-d16 -mfloat-abi=hard -mthumb -Wl,--start-group -lc -lm -Wl,--end-group
Finished building target: UART_basic_printing.elf
 
arm-none-eabi-size  UART_basic_printing.elf 
arm-none-eabi-objdump -h -S UART_basic_printing.elf  > "UART_basic_printing.list"
   text	   data	    bss	    dec	    hex	filename
   3100	      4	   1572	   4676	   1244	UART_basic_printing.elf
Finished building: default.size.stdout
 
Finished building: UART_basic_printing.list
 

12:20:57 Build Finished. 0 errors, 2 warnings. (took 1s.210ms)

