Archive member included to satisfy reference by file (symbol)

C:/ST/STM32CubeIDE_1.19.0/STM32CubeIDE/plugins/com.st.stm32cube.ide.mcu.externaltools.gnu-tools-for-stm32.13.3.rel1.win32_1.0.0.202411081344/tools/bin/../lib/gcc/arm-none-eabi/13.3.1/../../../../arm-none-eabi/lib/thumb/v7e-m+fp/hard\libc_nano.a(libc_a-exit.o)
                              C:/ST/STM32CubeIDE_1.19.0/STM32CubeIDE/plugins/com.st.stm32cube.ide.mcu.externaltools.gnu-tools-for-stm32.13.3.rel1.win32_1.0.0.202411081344/tools/bin/../lib/gcc/arm-none-eabi/13.3.1/../../../../arm-none-eabi/lib/thumb/v7e-m+fp/hard/crt0.o (exit)
C:/ST/STM32CubeIDE_1.19.0/STM32CubeIDE/plugins/com.st.stm32cube.ide.mcu.externaltools.gnu-tools-for-stm32.13.3.rel1.win32_1.0.0.202411081344/tools/bin/../lib/gcc/arm-none-eabi/13.3.1/../../../../arm-none-eabi/lib/thumb/v7e-m+fp/hard\libc_nano.a(libc_a-findfp.o)
                              C:/ST/STM32CubeIDE_1.19.0/STM32CubeIDE/plugins/com.st.stm32cube.ide.mcu.externaltools.gnu-tools-for-stm32.13.3.rel1.win32_1.0.0.202411081344/tools/bin/../lib/gcc/arm-none-eabi/13.3.1/../../../../arm-none-eabi/lib/thumb/v7e-m+fp/hard\libc_nano.a(libc_a-exit.o) (__stdio_exit_handler)
C:/ST/STM32CubeIDE_1.19.0/STM32CubeIDE/plugins/com.st.stm32cube.ide.mcu.externaltools.gnu-tools-for-stm32.13.3.rel1.win32_1.0.0.202411081344/tools/bin/../lib/gcc/arm-none-eabi/13.3.1/../../../../arm-none-eabi/lib/thumb/v7e-m+fp/hard\libc_nano.a(libc_a-fwalk.o)
                              C:/ST/STM32CubeIDE_1.19.0/STM32CubeIDE/plugins/com.st.stm32cube.ide.mcu.externaltools.gnu-tools-for-stm32.13.3.rel1.win32_1.0.0.202411081344/tools/bin/../lib/gcc/arm-none-eabi/13.3.1/../../../../arm-none-eabi/lib/thumb/v7e-m+fp/hard\libc_nano.a(libc_a-findfp.o) (_fwalk_sglue)
C:/ST/STM32CubeIDE_1.19.0/STM32CubeIDE/plugins/com.st.stm32cube.ide.mcu.externaltools.gnu-tools-for-stm32.13.3.rel1.win32_1.0.0.202411081344/tools/bin/../lib/gcc/arm-none-eabi/13.3.1/../../../../arm-none-eabi/lib/thumb/v7e-m+fp/hard\libc_nano.a(libc_a-stdio.o)
                              C:/ST/STM32CubeIDE_1.19.0/STM32CubeIDE/plugins/com.st.stm32cube.ide.mcu.externaltools.gnu-tools-for-stm32.13.3.rel1.win32_1.0.0.202411081344/tools/bin/../lib/gcc/arm-none-eabi/13.3.1/../../../../arm-none-eabi/lib/thumb/v7e-m+fp/hard\libc_nano.a(libc_a-findfp.o) (__sread)
C:/ST/STM32CubeIDE_1.19.0/STM32CubeIDE/plugins/com.st.stm32cube.ide.mcu.externaltools.gnu-tools-for-stm32.13.3.rel1.win32_1.0.0.202411081344/tools/bin/../lib/gcc/arm-none-eabi/13.3.1/../../../../arm-none-eabi/lib/thumb/v7e-m+fp/hard\libc_nano.a(libc_a-memset.o)
                              C:/ST/STM32CubeIDE_1.19.0/STM32CubeIDE/plugins/com.st.stm32cube.ide.mcu.externaltools.gnu-tools-for-stm32.13.3.rel1.win32_1.0.0.202411081344/tools/bin/../lib/gcc/arm-none-eabi/13.3.1/../../../../arm-none-eabi/lib/thumb/v7e-m+fp/hard/crt0.o (memset)
C:/ST/STM32CubeIDE_1.19.0/STM32CubeIDE/plugins/com.st.stm32cube.ide.mcu.externaltools.gnu-tools-for-stm32.13.3.rel1.win32_1.0.0.202411081344/tools/bin/../lib/gcc/arm-none-eabi/13.3.1/../../../../arm-none-eabi/lib/thumb/v7e-m+fp/hard\libc_nano.a(libc_a-closer.o)
                              C:/ST/STM32CubeIDE_1.19.0/STM32CubeIDE/plugins/com.st.stm32cube.ide.mcu.externaltools.gnu-tools-for-stm32.13.3.rel1.win32_1.0.0.202411081344/tools/bin/../lib/gcc/arm-none-eabi/13.3.1/../../../../arm-none-eabi/lib/thumb/v7e-m+fp/hard\libc_nano.a(libc_a-stdio.o) (_close_r)
C:/ST/STM32CubeIDE_1.19.0/STM32CubeIDE/plugins/com.st.stm32cube.ide.mcu.externaltools.gnu-tools-for-stm32.13.3.rel1.win32_1.0.0.202411081344/tools/bin/../lib/gcc/arm-none-eabi/13.3.1/../../../../arm-none-eabi/lib/thumb/v7e-m+fp/hard\libc_nano.a(libc_a-reent.o)
                              C:/ST/STM32CubeIDE_1.19.0/STM32CubeIDE/plugins/com.st.stm32cube.ide.mcu.externaltools.gnu-tools-for-stm32.13.3.rel1.win32_1.0.0.202411081344/tools/bin/../lib/gcc/arm-none-eabi/13.3.1/../../../../arm-none-eabi/lib/thumb/v7e-m+fp/hard\libc_nano.a(libc_a-closer.o) (errno)
C:/ST/STM32CubeIDE_1.19.0/STM32CubeIDE/plugins/com.st.stm32cube.ide.mcu.externaltools.gnu-tools-for-stm32.13.3.rel1.win32_1.0.0.202411081344/tools/bin/../lib/gcc/arm-none-eabi/13.3.1/../../../../arm-none-eabi/lib/thumb/v7e-m+fp/hard\libc_nano.a(libc_a-impure.o)
                              C:/ST/STM32CubeIDE_1.19.0/STM32CubeIDE/plugins/com.st.stm32cube.ide.mcu.externaltools.gnu-tools-for-stm32.13.3.rel1.win32_1.0.0.202411081344/tools/bin/../lib/gcc/arm-none-eabi/13.3.1/../../../../arm-none-eabi/lib/thumb/v7e-m+fp/hard\libc_nano.a(libc_a-reent.o) (_impure_ptr)
C:/ST/STM32CubeIDE_1.19.0/STM32CubeIDE/plugins/com.st.stm32cube.ide.mcu.externaltools.gnu-tools-for-stm32.13.3.rel1.win32_1.0.0.202411081344/tools/bin/../lib/gcc/arm-none-eabi/13.3.1/../../../../arm-none-eabi/lib/thumb/v7e-m+fp/hard\libc_nano.a(libc_a-lseekr.o)
[...]
Memory Configuration

Name             Origin             Length             Attributes
CCMRAM           0x10000000         0x00010000         xrw
RAM              0x20000000         0x00020000         xrw
FLASH            0x08000000         0x00100000         xr
*default*        0x00000000         0xffffffff

Linker script and memory map

LOAD C:/ST/STM32CubeIDE_1.19.0/STM32CubeIDE/plugins/com.st.stm32cube.ide.mcu.externaltools.gnu-tools-for-stm32.13.3.rel1.win32_1.0.0.202411081344/tools/bin/../lib/gcc/arm-none-eabi/13.3.1/thumb/v7e-m+fp/hard/crti.o
LOAD C:/ST/STM32CubeIDE_1.19.0/STM32CubeIDE/plugins/com.st.stm32cube.ide.mcu.externaltools.gnu-tools-for-stm32.13.3.rel1.win32_1.0.0.202411081344/tools/bin/../lib/gcc/arm-none-eabi/13.3.1/thumb/v7e-m+fp/hard/crtbegin.o
LOAD C:/ST/STM32CubeIDE_1.19.0/STM32CubeIDE/plugins/com.st.stm32cube.ide.mcu.externaltools.gnu-tools-for-stm32.13.3.rel1.win32_1.0.0.202411081344/tools/bin/../lib/gcc/arm-none-eabi/13.3.1/../../../../arm-none-eabi/lib/thumb/v7e-m+fp/hard/crt0.o
LOAD ./App/src/APP_feature.o
LOAD ./App/src/app_main.o
LOAD ./Services/src/STM32_ADC.o
LOAD ./Services/src/STM32_GPIO.o
LOAD ./Services/src/STM32_GPT.o
LOAD ./Services/src/STM32_NVIC.o
LOAD ./Services/src/STM32_RCC.o
LOAD ./Src/syscalls.o
LOAD ./Src/sysmem.o
LOAD ./Startup/startup_stm32f407vgtx.o
START GROUP
LOAD C:/ST/STM32CubeIDE_1.19.0/STM32CubeIDE/plugins/com.st.stm32cube.ide.mcu.externaltools.gnu-tools-for-stm32.13.3.rel1.win32_1.0.0.202411081344/tools/bin/../lib/gcc/arm-none-eabi/13.3.1/../../../../arm-none-eabi/lib/thumb/v7e-m+fp/hard\libc_nano.a
LOAD C:/ST/STM32CubeIDE_1.19.0/STM32CubeIDE/plugins/com.st.stm32cube.ide.mcu.externaltools.gnu-tools-for-stm32.13.3.rel1.win32_1.0.0.202411081344/tools/bin/../lib/gcc/arm-none-eabi/13.3.1/../../../../arm-none-eabi/lib/thumb/v7e-m+fp/hard\libm.a
END GROUP
START GROUP
LOAD C:/ST/STM32CubeIDE_1.19.0/STM32CubeIDE/plugins/com.st.stm32cube.ide.mcu.externaltools.gnu-tools-for-stm32.13.3.rel1.win32_1.0.0.202411081344/tools/bin/../lib/gcc/arm-none-eabi/13.3.1/thumb/v7e-m+fp/hard\libgcc.a
LOAD C:/ST/STM32CubeIDE_1.19.0/STM32CubeIDE/plugins/com.st.stm32cube.ide.mcu.externaltools.gnu-tools-for-stm32.13.3.rel1.win32_1.0.0.202411081344/tools/bin/../lib/gcc/arm-none-eabi/13.3.1/../../../../arm-none-eabi/lib/thumb/v7e-m+fp/hard\libc_nano.a
END GROUP
START GROUP
LOAD C:/ST/STM32CubeIDE_1.19.0/STM32CubeIDE/plugins/com.st.stm32cube.ide.mcu.externaltools.gnu-tools-for-stm32.13.3.rel1.win32_1.0.0.202411081344/tools/bin/../lib/gcc/arm-none-eabi/13.3.1/thumb/v7e-m+fp/hard\libgcc.a
LOAD C:/ST/STM32CubeIDE_1.19.0/STM32CubeIDE/plugins/com.st.stm32cube.ide.mcu.externaltools.gnu-tools-for-stm32.13.3.rel1.win32_1.0.0.202411081344/tools/bin/../lib/gcc/arm-none-eabi/13.3.1/../../../../arm-none-eabi/lib/thumb/v7e-m+fp/hard\libc_nano.a
LOAD C:/ST/STM32CubeIDE_1.19.0/STM32CubeIDE/plugins/com.st.stm32cube.ide.mcu.externaltools.gnu-tools-for-stm32.13.3.rel1.win32_1.0.0.202411081344/tools/bin/../lib/gcc/arm-none-eabi/13.3.1/../../../../arm-none-eabi/lib/thumb/v7e-m+fp/hard\libnosys.a
END GROUP
START GROUP
LOAD C:/ST/STM32CubeIDE_1.19.0/STM32CubeIDE/plugins/com.st.stm32cube.ide.mcu.externaltools.gnu-tools-for-stm32.13.3.rel1.win32_1.0.0.202411081344/tools/bin/../lib/gcc/arm-none-eabi/13.3.1/thumb/v7e-m+fp/hard\libgcc.a
LOAD C:/ST/STM32CubeIDE_1.19.0/STM32CubeIDE/plugins/com.st.stm32cube.ide.mcu.externaltools.gnu-tools-for-stm32.13.3.rel1.win32_1.0.0.202411081344/tools/bin/../lib/gcc/arm-none-eabi/13.3.1/../../../../arm-none-eabi/lib/thumb/v7e-m+fp/hard\libc_nano.a
LOAD C:/ST/STM32CubeIDE_1.19.0/STM32CubeIDE/plugins/com.st.stm32cube.ide.mcu.externaltools.gnu-tools-for-stm32.13.3.rel1.win32_1.0.0.202411081344/tools/bin/../lib/gcc/arm-none-eabi/13.3.1/../../../../arm-none-eabi/lib/thumb/v7e-m+fp/hard\libnosys.a
END GROUP
LOAD C:/ST/STM32CubeIDE_1.19.0/STM32CubeIDE/plugins/com.st.stm32cube.ide.mcu.externaltools.gnu-tools-for-stm32.13.3.rel1.win32_1.0.0.202411081344/tools/bin/../lib/gcc/arm-none-eabi/13.3.1/thumb/v7e-m+fp/hard/crtend.o
LOAD C:/ST/STM32CubeIDE_1.19.0/STM32CubeIDE/plugins/com.st.stm32cube.ide.mcu.externaltools.gnu-tools-for-stm32.13.3.rel1.win32_1.0.0.202411081344/tools/bin/../lib/gcc/arm-none-eabi/13.3.1/thumb/v7e-m+fp/hard/crtn.o
                0x20020000                        _estack = (ORIGIN (RAM) + LENGTH (RAM))
                0x00000200                        _Min_Heap_Size = 0x200
                0x00000400                        _Min_Stack_Size = 0x400

.isr_vector     0x08000000      0x188
                0x08000000                        . = ALIGN (0x4)
 *(.isr_vector)
 .isr_vector    0x08000000      0x188 ./Startup/startup_stm32f407vgtx.o
                0x08000000                g_pfnVectors
                0x08000188                        . = ALIGN (0x4)

.text           0x08000188     0x108c
                0x08000188                        . = ALIGN (0x4)
 *(.text)
 .text          0x08000188       0x40 C:/ST/STM32CubeIDE_1.19.0/STM32CubeIDE/plugins/com.st.stm32cube.ide.mcu.externaltools.gnu-tools-for-stm32.13.3.rel1.win32_1.0.0.202411081344/tools/bin/../lib/gcc/arm-none-eabi/13.3.1/thumb/v7e-m+fp/hard/crtbegin.o
 .text          0x080001c8      0x378 C:/ST/STM32CubeIDE_1.19.0/STM32CubeIDE/plugins/com.st.stm32cube.ide.mcu.externaltools.gnu-tools-for-stm32.13.3.rel1.win32_1.0.0.202411081344/tools/bin/../lib/gcc/arm-none-eabi/13.3.1/thumb/v7e-m+fp/hard\libgcc.a(_arm_addsubdf3.o)
                0x080001c8                __aeabi_drsub
                0x080001d0                __aeabi_dsub
                0x080001d0                __subdf3
                0x080001d4                __aeabi_dadd
                0x080001d4                __adddf3
                0x0800044c                __floatunsidf
                0x0800044c                __aeabi_ui2d
                0x0800046c                __floatsidf
                0x0800046c                __aeabi_i2d
                0x08000490                __aeabi_f2d
                0x08000490                __extendsfdf2
                0x080004d4                __floatundidf
                0x080004d4                __aeabi_ul2d
                0x080004e4                __floatdidf
                0x080004e4                __aeabi_l2d
 .text          0x08000540      0x424 C:/ST/STM32CubeIDE_1.19.0/STM32CubeIDE/plugins/com.st.stm32cube.ide.mcu.externaltools.gnu-tools-for-stm32.13.3.rel1.win32_1.0.0.202411081344/tools/bin/../lib/gcc/arm-none-eabi/13.3.1/thumb/v7e-m+fp/hard\libgcc.a(_arm_muldivdf3.o)
                0x08000540                __aeabi_dmul
                0x08000540                __muldf3
                0x08000794                __divdf3
                0x08000794                __aeabi_ddiv
 .text          0x08000964       0xa0 C:/ST/STM32CubeIDE_1.19.0/STM32CubeIDE/plugins/com.st.stm32cube.ide.mcu.externaltools.gnu-tools-for-stm32.13.3.rel1.win32_1.0.0.202411081344/tools/bin/../lib/gcc/arm-none-eabi/13.3.1/thumb/v7e-m+fp/hard\libgcc.a(_arm_truncdfsf2.o)
                0x08000964                __truncdfsf2
                0x08000964                __aeabi_d2f
 *(.text*)
 .text.fade_led_program
                0x08000a04       0x84 ./App/src/APP_feature.o
                0x08000a04                fade_led_program
 .text.service_init
                0x08000a88       0x38 ./App/src/app_main.o
                0x08000a88                service_init
 .text.app_init
                0x08000ac0        0xe ./App/src/app_main.o
                0x08000ac0                app_init
 *fill*         0x08000ace        0x2 
 .text.main     0x08000ad0       0x34 ./App/src/app_main.o
                0x08000ad0                main
 .text.adc_init_common
                0x08000b04       0x44 ./Services/src/STM32_ADC.o
                0x08000b04                adc_init_common
 .text.adc_init_individual_modules
                0x08000b48       0xf4 ./Services/src/STM32_ADC.o
                0x08000b48                adc_init_individual_modules
 .text.adc_set_sequnce
                0x08000c3c      0x100 ./Services/src/STM32_ADC.o
                0x08000c3c                adc_set_sequnce
 .text.adc_start_conversion
                0x08000d3c       0x22 ./Services/src/STM32_ADC.o
                0x08000d3c                adc_start_conversion
 .text.adc_get_value
                0x08000d5e       0x2e ./Services/src/STM32_ADC.o
                0x08000d5e                adc_get_value
 *fill*         0x08000d8c        0x4 
 .text.adc_convert_value
                0x08000d90       0xcc ./Services/src/STM32_ADC.o
                0x08000d90                adc_convert_value
 .text.pin_init
                0x08000e5c      0x184 ./Services/src/STM32_GPIO.o
                0x08000e5c                pin_init
 .text.pin_operations
                0x08000fe0       0x70 ./Services/src/STM32_GPIO.o
                0x08000fe0                pin_operations
 .text.TIM2_IRQHandler
                0x08001050       0xa0 ./Services/src/STM32_NVIC.o
                0x08001050                TIM2_IRQHandler
 .text.TIM4_IRQHandler
                0x080010f0       0x28 ./Services/src/STM32_NVIC.o
                0x080010f0                TIM4_IRQHandler
 .text.rcc_init
                0x08001118       0x48 ./Services/src/STM32_RCC.o
                0x08001118                rcc_init
 .text.Reset_Handler
                0x08001160       0x50 ./Startup/startup_stm32f407vgtx.o
                0x08001160                Reset_Handler
 .text.Default_Handler
                0x080011b0        0x2 ./Startup/startup_stm32f407vgtx.o
                0x080011b0                RTC_Alarm_IRQHandler
                0x080011b0                HASH_RNG_IRQHandler
                0x080011b0                EXTI2_IRQHandler
                0x080011b0                TIM8_CC_IRQHandler
                0x080011b0                DebugMon_Handler
                0x080011b0                TIM1_CC_IRQHandler
                0x080011b0                DMA2_Stream5_IRQHandler
                0x080011b0                HardFault_Handler
                0x080011b0                DMA1_Stream5_IRQHandler
                0x080011b0                SysTick_Handler
                0x080011b0                PVD_IRQHandler
                0x080011b0                SDIO_IRQHandler
                0x080011b0                TAMP_STAMP_IRQHandler
                0x080011b0                PendSV_Handler
                0x080011b0                NMI_Handler
                0x080011b0                CAN2_RX1_IRQHandler
                0x080011b0                EXTI3_IRQHandler
                0x080011b0                TIM8_TRG_COM_TIM14_IRQHandler
                0x080011b0                TIM1_UP_TIM10_IRQHandler
                0x080011b0                TIM8_UP_TIM13_IRQHandler
                0x080011b0                I2C3_ER_IRQHandler
                0x080011b0                EXTI0_IRQHandler
                0x080011b0                I2C2_EV_IRQHandler
                0x080011b0                DMA1_Stream2_IRQHandler
                0x080011b0                CAN1_RX0_IRQHandler
                0x080011b0                FPU_IRQHandler
                0x080011b0                OTG_HS_WKUP_IRQHandler
                0x080011b0                UsageFault_Handler
                0x080011b0                CAN2_SCE_IRQHandler
                0x080011b0                DMA2_Stream2_IRQHandler
                0x080011b0                SPI1_IRQHandler
                0x080011b0                TIM6_DAC_IRQHandler
                0x080011b0                TIM1_BRK_TIM9_IRQHandler
                0x080011b0                DCMI_IRQHandler
                0x080011b0                CAN2_RX0_IRQHandler
                0x080011b0                DMA2_Stream3_IRQHandler
                0x080011b0                USART6_IRQHandler
                0x080011b0                USART3_IRQHandler
                0x080011b0                CRYP_IRQHandler
                0x080011b0                CAN1_RX1_IRQHandler
                0x080011b0                UART5_IRQHandler
                0x080011b0                DMA2_Stream0_IRQHandler
                0x080011b0                I2C1_EV_IRQHandler
                0x080011b0                DMA1_Stream6_IRQHandler
                0x080011b0                DMA1_Stream1_IRQHandler
                0x080011b0                UART4_IRQHandler
                0x080011b0                TIM3_IRQHandler
                0x080011b0                RCC_IRQHandler
                0x080011b0                TIM8_BRK_TIM12_IRQHandler
                0x080011b0                Default_Handler
                0x080011b0                EXTI15_10_IRQHandler
                0x080011b0                ADC_IRQHandler
                0x080011b0                DMA1_Stream7_IRQHandler
                0x080011b0                TIM7_IRQHandler
                0x080011b0                CAN2_TX_IRQHandler
                0x080011b0                TIM5_IRQHandler
                0x080011b0                DMA2_Stream7_IRQHandler
                0x080011b0                I2C3_EV_IRQHandler
                0x080011b0                EXTI9_5_IRQHandler
                0x080011b0                RTC_WKUP_IRQHandler
                0x080011b0                ETH_WKUP_IRQHandler
                0x080011b0                SPI2_IRQHandler
                0x080011b0                OTG_HS_EP1_IN_IRQHandler
                0x080011b0                MemManage_Handler
                0x080011b0                DMA1_Stream0_IRQHandler
                0x080011b0                CAN1_TX_IRQHandler
                0x080011b0                SVC_Handler
                0x080011b0                EXTI4_IRQHandler
                0x080011b0                FSMC_IRQHandler
                0x080011b0                ETH_IRQHandler
                0x080011b0                OTG_HS_EP1_OUT_IRQHandler
                0x080011b0                WWDG_IRQHandler
                0x080011b0                OTG_FS_WKUP_IRQHandler
                0x080011b0                TIM1_TRG_COM_TIM11_IRQHandler
                0x080011b0                OTG_HS_IRQHandler
                0x080011b0                EXTI1_IRQHandler
                0x080011b0                USART2_IRQHandler
                0x080011b0                I2C2_ER_IRQHandler
                0x080011b0                DMA2_Stream1_IRQHandler
                0x080011b0                CAN1_SCE_IRQHandler
                0x080011b0                DMA2_Stream4_IRQHandler
                0x080011b0                BusFault_Handler
                0x080011b0                USART1_IRQHandler
                0x080011b0                OTG_FS_IRQHandler
                0x080011b0                SPI3_IRQHandler
                0x080011b0                DMA1_Stream4_IRQHandler
                0x080011b0                I2C1_ER_IRQHandler
                0x080011b0                DMA2_Stream6_IRQHandler
                0x080011b0                DMA1_Stream3_IRQHandler
 *fill*         0x080011b2        0x2 
 .text.__libc_init_array
                0x080011b4       0x48 C:/ST/STM32CubeIDE_1.19.0/STM32CubeIDE/plugins/com.st.stm32cube.ide.mcu.externaltools.gnu-tools-for-stm32.13.3.rel1.win32_1.0.0.202411081344/tools/bin/../lib/gcc/arm-none-eabi/13.3.1/../../../../arm-none-eabi/lib/thumb/v7e-m+fp/hard\libc_nano.a(libc_a-init.o)
                0x080011b4                __libc_init_array
 *(.glue_7)
 .glue_7        0x080011fc        0x0 linker stubs
 *(.glue_7t)
 .glue_7t       0x080011fc        0x0 linker stubs
 *(.eh_frame)
 .eh_frame      0x080011fc        0x0 C:/ST/STM32CubeIDE_1.19.0/STM32CubeIDE/plugins/com.st.stm32cube.ide.mcu.externaltools.gnu-tools-for-stm32.13.3.rel1.win32_1.0.0.202411081344/tools/bin/../lib/gcc/arm-none-eabi/13.3.1/thumb/v7e-m+fp/hard/crtbegin.o
 *(.init)
 .init          0x080011fc        0x4 C:/ST/STM32CubeIDE_1.19.0/STM32CubeIDE/plugins/com.st.stm32cube.ide.mcu.externaltools.gnu-tools-for-stm32.13.3.rel1.win32_1.0.0.202411081344/tools/bin/../lib/gcc/arm-none-eabi/13.3.1/thumb/v7e-m+fp/hard/crti.o
                0x080011fc                _init
 .init          0x08001200        0x8 C:/ST/STM32CubeIDE_1.19.0/STM32CubeIDE/plugins/com.st.stm32cube.ide.mcu.externaltools.gnu-tools-for-stm32.13.3.rel1.win32_1.0.0.202411081344/tools/bin/../lib/gcc/arm-none-eabi/13.3.1/thumb/v7e-m+fp/hard/crtn.o
 *(.fini)
 .fini          0x08001208        0x4 C:/ST/STM32CubeIDE_1.19.0/STM32CubeIDE/plugins/com.st.stm32cube.ide.mcu.externaltools.gnu-tools-for-stm32.13.3.rel1.win32_1.0.0.202411081344/tools/bin/../lib/gcc/arm-none-eabi/13.3.1/thumb/v7e-m+fp/hard/crti.o
                0x08001208                _fini
 .fini          0x0800120c        0x8 C:/ST/STM32CubeIDE_1.19.0/STM32CubeIDE/plugins/com.st.stm32cube.ide.mcu.externaltools.gnu-tools-for-stm32.13.3.rel1.win32_1.0.0.202411081344/tools/bin/../lib/gcc/arm-none-eabi/13.3.1/thumb/v7e-m+fp/hard/crtn.o
                0x08001214                        . = ALIGN (0x4)
                0x08001214                        _etext = .

.vfp11_veneer   0x08001214        0x0
 .vfp11_veneer  0x08001214        0x0 linker stubs

.v4_bx          0x08001214        0x0
 .v4_bx         0x08001214        0x0 linker stubs

.iplt           0x08001214        0x0
 .iplt          0x08001214        0x0 C:/ST/STM32CubeIDE_1.19.0/STM32CubeIDE/plugins/com.st.stm32cube.ide.mcu.externaltools.gnu-tools-for-stm32.13.3.rel1.win32_1.0.0.202411081344/tools/bin/../lib/gcc/arm-none-eabi/13.3.1/thumb/v7e-m+fp/hard/crtbegin.o

.rodata         0x08001214        0x0
                0x08001214                        . = ALIGN (0x4)
 *(.rodata)
 *(.rodata*)
                0x08001214                        . = ALIGN (0x4)

.ARM.extab      0x08001214        0x0
                0x08001214                        . = ALIGN (0x4)
 *(.ARM.extab* .gnu.linkonce.armextab.*)
                0x08001214                        . = ALIGN (0x4)

.ARM            0x08001214        0x0
                0x08001214                        . = ALIGN (0x4)
                0x08001214                        __exidx_start = .
 *(.ARM.exidx*)
                0x08001214                        __exidx_end = .
                0x08001214                        . = ALIGN (0x4)

.preinit_array  0x08001214        0x0
                0x08001214                        . = ALIGN (0x4)
                0x08001214                        PROVIDE (__preinit_array_start = .)
 *(.preinit_array*)
                0x08001214                        PROVIDE (__preinit_array_end = .)
                0x08001214                        . = ALIGN (0x4)

.init_array     0x08001214        0x4
                0x08001214                        . = ALIGN (0x4)
                0x08001214                        PROVIDE (__init_array_start = .)
 *(SORT_BY_NAME(.init_array.*))
 *(.init_array*)
 .init_array    0x08001214        0x4 C:/ST/STM32CubeIDE_1.19.0/STM32CubeIDE/plugins/com.st.stm32cube.ide.mcu.externaltools.gnu-tools-for-stm32.13.3.rel1.win32_1.0.0.202411081344/tools/bin/../lib/gcc/arm-none-eabi/13.3.1/thumb/v7e-m+fp/hard/crtbegin.o
                0x08001218                        PROVIDE (__init_array_end = .)
                0x08001218                        . = ALIGN (0x4)

.fini_array     0x08001218        0x4
                0x08001218                        . = ALIGN (0x4)
                [!provide]                        PROVIDE (__fini_array_start = .)
 *(SORT_BY_NAME(.fini_array.*))
 *(.fini_array*)
 .fini_array    0x08001218        0x4 C:/ST/STM32CubeIDE_1.19.0/STM32CubeIDE/plugins/com.st.stm32cube.ide.mcu.externaltools.gnu-tools-for-stm32.13.3.rel1.win32_1.0.0.202411081344/tools/bin/../lib/gcc/arm-none-eabi/13.3.1/thumb/v7e-m+fp/hard/crtbegin.o
                [!provide]                        PROVIDE (__fini_array_end = .)
                0x0800121c                        . = ALIGN (0x4)
                0x0800121c                        _sidata = LOADADDR (.data)

.rel.dyn        0x0800121c        0x0
 .rel.iplt      0x0800121c        0x0 C:/ST/STM32CubeIDE_1.19.0/STM32CubeIDE/plugins/com.st.stm32cube.ide.mcu.externaltools.gnu-tools-for-stm32.13.3.rel1.win32_1.0.0.202411081344/tools/bin/../lib/gcc/arm-none-eabi/13.3.1/thumb/v7e-m+fp/hard/crtbegin.o

.data           0x20000000        0x4 load address 0x0800121c
                0x20000000                        . = ALIGN (0x4)
                0x20000000                        _sdata = .
 *(.data)
 *(.data*)
 .data.upcounter
                0x20000000        0x1 ./App/src/APP_feature.o
                0x20000000                upcounter
 *(.RamFunc)
 *(.RamFunc*)
                0x20000004                        . = ALIGN (0x4)
 *fill*         0x20000001        0x3 
                0x20000004                        _edata = .
                0x08001220                        _siccmram = LOADADDR (.ccmram)

.igot.plt       0x20000004        0x0 load address 0x08001220
 .igot.plt      0x20000004        0x0 C:/ST/STM32CubeIDE_1.19.0/STM32CubeIDE/plugins/com.st.stm32cube.ide.mcu.externaltools.gnu-tools-for-stm32.13.3.rel1.win32_1.0.0.202411081344/tools/bin/../lib/gcc/arm-none-eabi/13.3.1/thumb/v7e-m+fp/hard/crtbegin.o

.ccmram         0x10000000        0x0 load address 0x08001220
                0x10000000                        . = ALIGN (0x4)
                0x10000000                        _sccmram = .
 *(.ccmram)
 *(.ccmram*)
                0x10000000                        . = ALIGN (0x4)
                0x10000000                        _eccmram = .
                0x10000000                        . = ALIGN (0x4)

.bss            0x20000004       0x28
                0x20000004                        _sbss = .
                0x20000004                        __bss_start__ = _sbss
 *(.bss)
 .bss           0x20000004       0x1c C:/ST/STM32CubeIDE_1.19.0/STM32CubeIDE/plugins/com.st.stm32cube.ide.mcu.externaltools.gnu-tools-for-stm32.13.3.rel1.win32_1.0.0.202411081344/tools/bin/../lib/gcc/arm-none-eabi/13.3.1/thumb/v7e-m+fp/hard/crtbegin.o
 *(.bss*)
 .bss.adc_value
                0x20000020        0x2 ./App/src/app_main.o
                0x20000020                adc_value
 *fill*         0x20000022        0x2 
 .bss.converted_value
                0x20000024        0x4 ./App/src/app_main.o
                0x20000024                converted_value
 .bss.four_s_delay
                0x20000028        0x1 ./Services/src/STM32_NVIC.o
                0x20000028                four_s_delay
 .bss.eight_s_delay
                0x20000029        0x1 ./Services/src/STM32_NVIC.o
                0x20000029                eight_s_delay
 .bss.twelve_s_delay
                0x2000002a        0x1 ./Services/src/STM32_NVIC.o
                0x2000002a                twelve_s_delay
 *(COMMON)
                0x2000002c                        . = ALIGN (0x4)
 *fill*         0x2000002b        0x1 
                0x2000002c                        _ebss = .
                0x2000002c                        __bss_end__ = _ebss

._user_heap_stack
                0x2000002c      0x604
                0x20000030                        . = ALIGN (0x8)
 *fill*         0x2000002c        0x4 
                [!provide]                        PROVIDE (end = .)
                0x20000030                        PROVIDE (_end = .)
                0x20000230                        . = (. + _Min_Heap_Size)
 *fill*         0x20000030      0x200 
                0x20000630                        . = (. + _Min_Stack_Size)
 *fill*         0x20000230      0x400 
                0x20000630                        . = ALIGN (0x8)

/DISCARD/
 libc.a(*)
 libm.a(*)
 libgcc.a(*)

.ARM.attributes
                0x00000000       0x30
 *(.ARM.attributes)
 .ARM.attributes
                0x00000000       0x22 C:/ST/STM32CubeIDE_1.19.0/STM32CubeIDE/plugins/com.st.stm32cube.ide.mcu.externaltools.gnu-tools-for-stm32.13.3.rel1.win32_1.0.0.202411081344/tools/bin/../lib/gcc/arm-none-eabi/13.3.1/thumb/v7e-m+fp/hard/crti.o
 .ARM.attributes
                0x00000022       0x34 C:/ST/STM32CubeIDE_1.19.0/STM32CubeIDE/plugins/com.st.stm32cube.ide.mcu.externaltools.gnu-tools-for-stm32.13.3.rel1.win32_1.0.0.202411081344/tools/bin/../lib/gcc/arm-none-eabi/13.3.1/thumb/v7e-m+fp/hard/crtbegin.o
 .ARM.attributes
                0x00000056       0x34 ./App/src/APP_feature.o
 .ARM.attributes
                0x0000008a       0x34 ./App/src/app_main.o
 .ARM.attributes
                0x000000be       0x34 ./Services/src/STM32_ADC.o
 .ARM.attributes
                0x000000f2       0x34 ./Services/src/STM32_GPIO.o
 .ARM.attributes
                0x00000126       0x34 ./Services/src/STM32_NVIC.o
 .ARM.attributes
                0x0000015a       0x34 ./Services/src/STM32_RCC.o
 .ARM.attributes
                0x0000018e       0x21 ./Startup/startup_stm32f407vgtx.o
 .ARM.attributes
                0x000001af       0x34 C:/ST/STM32CubeIDE_1.19.0/STM32CubeIDE/plugins/com.st.stm32cube.ide.mcu.externaltools.gnu-tools-for-stm32.13.3.rel1.win32_1.0.0.202411081344/tools/bin/../lib/gcc/arm-none-eabi/13.3.1/../../../../arm-none-eabi/lib/thumb/v7e-m+fp/hard\libc_nano.a(libc_a-init.o)
 .ARM.attributes
                0x000001e3       0x22 C:/ST/STM32CubeIDE_1.19.0/STM32CubeIDE/plugins/com.st.stm32cube.ide.mcu.externaltools.gnu-tools-for-stm32.13.3.rel1.win32_1.0.0.202411081344/tools/bin/../lib/gcc/arm-none-eabi/13.3.1/thumb/v7e-m+fp/hard\libgcc.a(_arm_addsubdf3.o)
 .ARM.attributes
                0x00000205       0x22 C:/ST/STM32CubeIDE_1.19.0/STM32CubeIDE/plugins/com.st.stm32cube.ide.mcu.externaltools.gnu-tools-for-stm32.13.3.rel1.win32_1.0.0.202411081344/tools/bin/../lib/gcc/arm-none-eabi/13.3.1/thumb/v7e-m+fp/hard\libgcc.a(_arm_muldivdf3.o)
 .ARM.attributes
                0x00000227       0x22 C:/ST/STM32CubeIDE_1.19.0/STM32CubeIDE/plugins/com.st.stm32cube.ide.mcu.externaltools.gnu-tools-for-stm32.13.3.rel1.win32_1.0.0.202411081344/tools/bin/../lib/gcc/arm-none-eabi/13.3.1/thumb/v7e-m+fp/hard\libgcc.a(_arm_truncdfsf2.o)
 .ARM.attributes
                0x00000249       0x22 C:/ST/STM32CubeIDE_1.19.0/STM32CubeIDE/plugins/com.st.stm32cube.ide.mcu.externaltools.gnu-tools-for-stm32.13.3.rel1.win32_1.0.0.202411081344/tools/bin/../lib/gcc/arm-none-eabi/13.3.1/thumb/v7e-m+fp/hard/crtn.o
OUTPUT(2_Potentiometer_voltage_reading.elf elf32-littlearm)
LOAD linker stubs
LOAD C:/ST/STM32CubeIDE_1.19.0/STM32CubeIDE/plugins/com.st.stm32cube.ide.mcu.externaltools.gnu-tools-for-stm32.13.3.rel1.win32_1.0.0.202411081344/tools/bin/../lib/gcc/arm-none-eabi/13.3.1/../../../../arm-none-eabi/lib/thumb/v7e-m+fp/hard\libc.a
LOAD C:/ST/STM32CubeIDE_1.19.0/STM32CubeIDE/plugins/com.st.stm32cube.ide.mcu.externaltools.gnu-tools-for-stm32.13.3.rel1.win32_1.0.0.202411081344/tools/bin/../lib/gcc/arm-none-eabi/13.3.1/../../../../arm-none-eabi/lib/thumb/v7e-m+fp/hard\libm.a
LOAD C:/ST/STM32CubeIDE_1.19.0/STM32CubeIDE/plugins/com.st.stm32cube.ide.mcu.externaltools.gnu-tools-for-stm32.13.3.rel1.win32_1.0.0.202411081344/tools/bin/../lib/gcc/arm-none-eabi/13.3.1/thumb/v7e-m+fp/hard\libgcc.a

.debug_info     0x00000000      0xfc7
 .debug_info    0x00000000      0x1d3 ./App/src/APP_feature.o
 .debug_info    0x000001d3      0x2da ./App/src/app_main.o
 .debug_info    0x000004ad      0x370 ./Services/src/STM32_ADC.o
 .debug_info    0x0000081d      0x1bb ./Services/src/STM32_GPIO.o
 .debug_info    0x000009d8      0x37f ./Services/src/STM32_NVIC.o
 .debug_info    0x00000d57      0x240 ./Services/src/STM32_RCC.o
 .debug_info    0x00000f97       0x30 ./Startup/startup_stm32f407vgtx.o

.debug_abbrev   0x00000000      0x59f
 .debug_abbrev  0x00000000       0x9d ./App/src/APP_feature.o
 .debug_abbrev  0x0000009d      0x122 ./App/src/app_main.o
 .debug_abbrev  0x000001bf      0x111 ./Services/src/STM32_ADC.o
 .debug_abbrev  0x000002d0       0xd1 ./Services/src/STM32_GPIO.o
 .debug_abbrev  0x000003a1      0x138 ./Services/src/STM32_NVIC.o
 .debug_abbrev  0x000004d9       0xa2 ./Services/src/STM32_RCC.o
 .debug_abbrev  0x0000057b       0x24 ./Startup/startup_stm32f407vgtx.o

.debug_aranges  0x00000000      0x148
 .debug_aranges
                0x00000000       0x20 ./App/src/APP_feature.o
 .debug_aranges
                0x00000020       0x30 ./App/src/app_main.o
 .debug_aranges
                0x00000050       0x50 ./Services/src/STM32_ADC.o
 .debug_aranges
                0x000000a0       0x30 ./Services/src/STM32_GPIO.o
 .debug_aranges
                0x000000d0       0x30 ./Services/src/STM32_NVIC.o
 .debug_aranges
                0x00000100       0x20 ./Services/src/STM32_RCC.o
 .debug_aranges
                0x00000120       0x28 ./Startup/startup_stm32f407vgtx.o

.debug_rnglists
                0x00000000       0xda
 .debug_rnglists
                0x00000000       0x14 ./App/src/APP_feature.o
 .debug_rnglists
                0x00000014       0x1f ./App/src/app_main.o
 .debug_rnglists
                0x00000033       0x3a ./Services/src/STM32_ADC.o
 .debug_rnglists
                0x0000006d       0x21 ./Services/src/STM32_GPIO.o
 .debug_rnglists
                0x0000008e       0x20 ./Services/src/STM32_NVIC.o
 .debug_rnglists
                0x000000ae       0x13 ./Services/src/STM32_RCC.o
 .debug_rnglists
                0x000000c1       0x19 ./Startup/startup_stm32f407vgtx.o

.debug_macro    0x00000000     0x15b8
 .debug_macro   0x00000000       0xa4 ./App/src/APP_feature.o
 .debug_macro   0x000000a4      0xae4 ./App/src/APP_feature.o
 .debug_macro   0x00000b88       0x22 ./App/src/APP_feature.o
 .debug_macro   0x00000baa       0x8e ./App/src/APP_feature.o
 .debug_macro   0x00000c38       0x51 ./App/src/APP_feature.o
 .debug_macro   0x00000c89      0x103 ./App/src/APP_feature.o
 .debug_macro   0x00000d8c       0x6a ./App/src/APP_feature.o
 .debug_macro   0x00000df6      0x1df ./App/src/APP_feature.o
 .debug_macro   0x00000fd5       0xd0 ./App/src/APP_feature.o
 .debug_macro   0x000010a5       0x40 ./App/src/APP_feature.o
 .debug_macro   0x000010e5       0x2e ./App/src/APP_feature.o
 .debug_macro   0x00001113       0x2e ./App/src/APP_feature.o
 .debug_macro   0x00001141       0x64 ./App/src/APP_feature.o
 .debug_macro   0x000011a5       0xae ./App/src/app_main.o
 .debug_macro   0x00001253       0x7b ./Services/src/STM32_ADC.o
 .debug_macro   0x000012ce       0x5e ./Services/src/STM32_ADC.o
 .debug_macro   0x0000132c       0x72 ./Services/src/STM32_GPIO.o
 .debug_macro   0x0000139e       0xca ./Services/src/STM32_GPIO.o
 .debug_macro   0x00001468       0x8e ./Services/src/STM32_NVIC.o
 .debug_macro   0x000014f6       0x28 ./Services/src/STM32_NVIC.o
 .debug_macro   0x0000151e       0x72 ./Services/src/STM32_RCC.o
 .debug_macro   0x00001590       0x28 ./Services/src/STM32_RCC.o

.debug_line     0x00000000     0x21fd
 .debug_line    0x00000000      0x56e ./App/src/APP_feature.o
 .debug_line    0x0000056e      0x55f ./App/src/app_main.o
 .debug_line    0x00000acd      0x66e ./Services/src/STM32_ADC.o
 .debug_line    0x0000113b      0x625 ./Services/src/STM32_GPIO.o
 .debug_line    0x00001760      0x597 ./Services/src/STM32_NVIC.o
 .debug_line    0x00001cf7      0x48b ./Services/src/STM32_RCC.o
 .debug_line    0x00002182       0x7b ./Startup/startup_stm32f407vgtx.o

.debug_str      0x00000000     0x4a6a
 .debug_str     0x00000000     0x4a6a ./App/src/APP_feature.o
                               0x4755 (size before relaxing)
 .debug_str     0x00004a6a     0x479d ./App/src/app_main.o
 .debug_str     0x00004a6a     0x4236 ./Services/src/STM32_ADC.o
 .debug_str     0x00004a6a     0x421d ./Services/src/STM32_GPIO.o
 .debug_str     0x00004a6a     0x4522 ./Services/src/STM32_NVIC.o
 .debug_str     0x00004a6a     0x3fce ./Services/src/STM32_RCC.o
 .debug_str     0x00004a6a       0x8d ./Startup/startup_stm32f407vgtx.o

.comment        0x00000000       0x43
 .comment       0x00000000       0x43 ./App/src/APP_feature.o
                                 0x44 (size before relaxing)
 .comment       0x00000043       0x44 ./App/src/app_main.o
 .comment       0x00000043       0x44 ./Services/src/STM32_ADC.o
 .comment       0x00000043       0x44 ./Services/src/STM32_GPIO.o
 .comment       0x00000043       0x44 ./Services/src/STM32_NVIC.o
 .comment       0x00000043       0x44 ./Services/src/STM32_RCC.o

.debug_frame    0x00000000      0x430
 .debug_frame   0x00000000       0x30 ./App/src/APP_feature.o
 .debug_frame   0x00000030       0x68 ./App/src/app_main.o
 .debug_frame   0x00000098      0x124 ./Services/src/STM32_ADC.o
 .debug_frame   0x000001bc       0x88 ./Services/src/STM32_GPIO.o
 .debug_frame   0x00000244       0x70 ./Services/src/STM32_NVIC.o
 .debug_frame   0x000002b4       0x30 ./Services/src/STM32_RCC.o
 .debug_frame   0x000002e4       0x2c C:/ST/STM32CubeIDE_1.19.0/STM32CubeIDE/plugins/com.st.stm32cube.ide.mcu.externaltools.gnu-tools-for-stm32.13.3.rel1.win32_1.0.0.202411081344/tools/bin/../lib/gcc/arm-none-eabi/13.3.1/../../../../arm-none-eabi/lib/thumb/v7e-m+fp/hard\libc_nano.a(libc_a-init.o)
 .debug_frame   0x00000310       0xac C:/ST/STM32CubeIDE_1.19.0/STM32CubeIDE/plugins/com.st.stm32cube.ide.mcu.externaltools.gnu-tools-for-stm32.13.3.rel1.win32_1.0.0.202411081344/tools/bin/../lib/gcc/arm-none-eabi/13.3.1/thumb/v7e-m+fp/hard\libgcc.a(_arm_addsubdf3.o)
 .debug_frame   0x000003bc       0x50 C:/ST/STM32CubeIDE_1.19.0/STM32CubeIDE/plugins/com.st.stm32cube.ide.mcu.externaltools.gnu-tools-for-stm32.13.3.rel1.win32_1.0.0.202411081344/tools/bin/../lib/gcc/arm-none-eabi/13.3.1/thumb/v7e-m+fp/hard\libgcc.a(_arm_muldivdf3.o)
 .debug_frame   0x0000040c       0x24 C:/ST/STM32CubeIDE_1.19.0/STM32CubeIDE/plugins/com.st.stm32cube.ide.mcu.externaltools.gnu-tools-for-stm32.13.3.rel1.win32_1.0.0.202411081344/tools/bin/../lib/gcc/arm-none-eabi/13.3.1/thumb/v7e-m+fp/hard\libgcc.a(_arm_truncdfsf2.o)

.debug_line_str
                0x00000000       0x71
 .debug_line_str
                0x00000000       0x71 ./Startup/startup_stm32f407vgtx.o
